0 verbose cli /opt/homebrew/Cellar/node/23.10.0_1/bin/node /opt/homebrew/bin/npm
1 info using npm@11.6.2
2 info using node@v23.10.0
3 silly config load:file:/opt/homebrew/lib/node_modules/npm/npmrc
4 warn Unknown env config "devdir". This will stop working in the next major version of npm.
5 silly config load:file:/Users/chandraprakash/Developer/web/FinalNCPS/NCPS/react-frontend/.npmrc
6 silly config load:file:/Users/chandraprakash/.npmrc
7 silly config load:file:/opt/homebrew/etc/npmrc
8 verbose title npm ci
9 verbose argv "ci"
10 verbose logfile logs-max:10 dir:/Users/chandraprakash/Developer/web/FinalNCPS/NCPS/.tooling/npm-cache/_logs/2026-06-02T19_12_18_297Z-
11 verbose logfile /Users/chandraprakash/Developer/web/FinalNCPS/NCPS/.tooling/npm-cache/_logs/2026-06-02T19_12_18_297Z-debug-0.log
12 silly logfile start cleaning logs, removing 1 files
13 silly packumentCache heap:2197815296 maxSize:549453824 maxEntrySize:274726912
14 silly logfile done cleaning log files
15 silly idealTree buildDeps
16 warn EBADENGINE Unsupported engine {
16 warn EBADENGINE   package: '@eslint/config-array@0.23.5',
16 warn EBADENGINE   required: { node: '^20.19.0 || ^22.13.0 || >=24' },
16 warn EBADENGINE   current: { node: 'v23.10.0', npm: '11.6.2' }
16 warn EBADENGINE }
17 warn EBADENGINE Unsupported engine {
17 warn EBADENGINE   package: '@eslint/config-helpers@0.6.0',
17 warn EBADENGINE   required: { node: '^20.19.0 || ^22.13.0 || >=24' },
17 warn EBADENGINE   current: { node: 'v23.10.0', npm: '11.6.2' }
17 warn EBADENGINE }
18 warn EBADENGINE Unsupported engine {
18 warn EBADENGINE   package: '@eslint/core@1.2.1',
18 warn EBADENGINE   required: { node: '^20.19.0 || ^22.13.0 || >=24' },
18 warn EBADENGINE   current: { node: 'v23.10.0', npm: '11.6.2' }
18 warn EBADENGINE }
19 warn EBADENGINE Unsupported engine {
19 warn EBADENGINE   package: '@eslint/js@10.0.1',
19 warn EBADENGINE   required: { node: '^20.19.0 || ^22.13.0 || >=24' },
19 warn EBADENGINE   current: { node: 'v23.10.0', npm: '11.6.2' }
19 warn EBADENGINE }
20 warn EBADENGINE Unsupported engine {
20 warn EBADENGINE   package: '@eslint/object-schema@3.0.5',
20 warn EBADENGINE   required: { node: '^20.19.0 || ^22.13.0 || >=24' },
20 warn EBADENGINE   current: { node: 'v23.10.0', npm: '11.6.2' }
20 warn EBADENGINE }
21 warn EBADENGINE Unsupported engine {
21 warn EBADENGINE   package: '@eslint/plugin-kit@0.7.1',
21 warn EBADENGINE   required: { node: '^20.19.0 || ^22.13.0 || >=24' },
21 warn EBADENGINE   current: { node: 'v23.10.0', npm: '11.6.2' }
21 warn EBADENGINE }
22 warn EBADENGINE Unsupported engine {
22 warn EBADENGINE   package: 'eslint@10.4.0',
22 warn EBADENGINE   required: { node: '^20.19.0 || ^22.13.0 || >=24' },
22 warn EBADENGINE   current: { node: 'v23.10.0', npm: '11.6.2' }
22 warn EBADENGINE }
23 warn EBADENGINE Unsupported engine {
23 warn EBADENGINE   package: 'eslint-scope@9.1.2',
23 warn EBADENGINE   required: { node: '^20.19.0 || ^22.13.0 || >=24' },
23 warn EBADENGINE   current: { node: 'v23.10.0', npm: '11.6.2' }
23 warn EBADENGINE }
24 warn EBADENGINE Unsupported engine {
24 warn EBADENGINE   package: 'eslint-visitor-keys@5.0.1',
24 warn EBADENGINE   required: { node: '^20.19.0 || ^22.13.0 || >=24' },
24 warn EBADENGINE   current: { node: 'v23.10.0', npm: '11.6.2' }
24 warn EBADENGINE }
25 warn EBADENGINE Unsupported engine {
25 warn EBADENGINE   package: 'espree@11.2.0',
25 warn EBADENGINE   required: { node: '^20.19.0 || ^22.13.0 || >=24' },
25 warn EBADENGINE   current: { node: 'v23.10.0', npm: '11.6.2' }
25 warn EBADENGINE }
26 silly reify moves {}
27 silly audit bulk request {
27 silly audit   '@babel/code-frame': [ '7.29.0' ],
27 silly audit   '@babel/compat-data': [ '7.29.3' ],
27 silly audit   '@babel/core': [ '7.29.0' ],
27 silly audit   '@babel/generator': [ '7.29.1' ],
27 silly audit   '@babel/helper-compilation-targets': [ '7.28.6' ],
27 silly audit   '@babel/helper-globals': [ '7.28.0' ],
27 silly audit   '@babel/helper-module-imports': [ '7.28.6' ],
27 silly audit   '@babel/helper-module-transforms': [ '7.28.6' ],
27 silly audit   '@babel/helper-string-parser': [ '7.27.1' ],
27 silly audit   '@babel/helper-validator-identifier': [ '7.28.5' ],
27 silly audit   '@babel/helper-validator-option': [ '7.27.1' ],
27 silly audit   '@babel/helpers': [ '7.29.2' ],
27 silly audit   '@babel/parser': [ '7.29.3' ],
27 silly audit   '@babel/runtime': [ '7.29.2' ],
27 silly audit   '@babel/template': [ '7.28.6' ],
27 silly audit   '@babel/traverse': [ '7.29.0' ],
27 silly audit   '@babel/types': [ '7.29.0' ],
27 silly audit   '@emnapi/core': [ '1.10.0' ],
27 silly audit   '@emnapi/runtime': [ '1.10.0' ],
27 silly audit   '@emnapi/wasi-threads': [ '1.2.1' ],
27 silly audit   '@emotion/babel-plugin': [ '11.13.5' ],
27 silly audit   'convert-source-map': [ '1.9.0', '2.0.0' ],
27 silly audit   '@emotion/cache': [ '11.14.0' ],
27 silly audit   '@emotion/hash': [ '0.9.2' ],
27 silly audit   '@emotion/is-prop-valid': [ '1.4.0' ],
27 silly audit   '@emotion/memoize': [ '0.9.0' ],
27 silly audit   '@emotion/react': [ '11.14.0' ],
27 silly audit   '@emotion/serialize': [ '1.3.3' ],
27 silly audit   '@emotion/sheet': [ '1.4.0' ],
27 silly audit   '@emotion/styled': [ '11.14.1' ],
27 silly audit   '@emotion/unitless': [ '0.10.0' ],
27 silly audit   '@emotion/use-insertion-effect-with-fallbacks': [ '1.2.0' ],
27 silly audit   '@emotion/utils': [ '1.4.2' ],
27 silly audit   '@emotion/weak-memoize': [ '0.4.0' ],
27 silly audit   '@eslint-community/eslint-utils': [ '4.9.1' ],
27 silly audit   'eslint-visitor-keys': [ '3.4.3', '5.0.1' ],
27 silly audit   '@eslint-community/regexpp': [ '4.12.2' ],
27 silly audit   '@eslint/config-array': [ '0.23.5' ],
27 silly audit   '@eslint/config-helpers': [ '0.6.0' ],
27 silly audit   '@eslint/core': [ '1.2.1' ],
27 silly audit   '@eslint/js': [ '10.0.1' ],
27 silly audit   '@eslint/object-schema': [ '3.0.5' ],
27 silly audit   '@eslint/plugin-kit': [ '0.7.1' ],
27 silly audit   '@humanfs/core': [ '0.19.2' ],
27 silly audit   '@humanfs/node': [ '0.16.8' ],
27 silly audit   '@humanfs/types': [ '0.15.0' ],
27 silly audit   '@humanwhocodes/module-importer': [ '1.0.1' ],
27 silly audit   '@humanwhocodes/retry': [ '0.4.3' ],
27 silly audit   '@jridgewell/gen-mapping': [ '0.3.13' ],
27 silly audit   '@jridgewell/remapping': [ '2.3.5' ],
27 silly audit   '@jridgewell/resolve-uri': [ '3.1.2' ],
27 silly audit   '@jridgewell/sourcemap-codec': [ '1.5.5' ],
27 silly audit   '@jridgewell/trace-mapping': [ '0.3.31' ],
27 silly audit   '@mui/core-downloads-tracker': [ '9.0.1' ],
27 silly audit   '@mui/icons-material': [ '9.0.1' ],
27 silly audit   '@mui/material': [ '9.0.1' ],
27 silly audit   '@mui/private-theming': [ '9.0.1' ],
27 silly audit   '@mui/styled-engine': [ '9.0.0' ],
27 silly audit   '@mui/system': [ '9.0.1' ],
27 silly audit   '@mui/types': [ '9.0.0' ],
27 silly audit   '@mui/utils': [ '9.0.1' ],
27 silly audit   '@napi-rs/wasm-runtime': [ '1.1.4' ],
27 silly audit   '@oxc-project/types': [ '0.130.0' ],
27 silly audit   '@popperjs/core': [ '2.11.8' ],
27 silly audit   '@react-leaflet/core': [ '3.0.0' ],
27 silly audit   '@reduxjs/toolkit': [ '2.12.0' ],
27 silly audit   immer: [ '11.1.8', '10.2.0' ],
27 silly audit   '@rolldown/binding-android-arm64': [ '1.0.1' ],
27 silly audit   '@rolldown/binding-darwin-arm64': [ '1.0.1' ],
27 silly audit   '@rolldown/binding-darwin-x64': [ '1.0.1' ],
27 silly audit   '@rolldown/binding-freebsd-x64': [ '1.0.1' ],
27 silly audit   '@rolldown/binding-linux-arm-gnueabihf': [ '1.0.1' ],
27 silly audit   '@rolldown/binding-linux-arm64-gnu': [ '1.0.1' ],
27 silly audit   '@rolldown/binding-linux-arm64-musl': [ '1.0.1' ],
27 silly audit   '@rolldown/binding-linux-ppc64-gnu': [ '1.0.1' ],
27 silly audit   '@rolldown/binding-linux-s390x-gnu': [ '1.0.1' ],
27 silly audit   '@rolldown/binding-linux-x64-gnu': [ '1.0.1' ],
27 silly audit   '@rolldown/binding-linux-x64-musl': [ '1.0.1' ],
27 silly audit   '@rolldown/binding-openharmony-arm64': [ '1.0.1' ],
27 silly audit   '@rolldown/binding-wasm32-wasi': [ '1.0.1' ],
27 silly audit   '@rolldown/binding-win32-arm64-msvc': [ '1.0.1' ],
27 silly audit   '@rolldown/binding-win32-x64-msvc': [ '1.0.1' ],
27 silly audit   '@rolldown/pluginutils': [ '1.0.1' ],
27 silly audit   '@standard-schema/spec': [ '1.1.0' ],
27 silly audit   '@standard-schema/utils': [ '0.3.0' ],
27 silly audit   '@tybys/wasm-util': [ '0.10.2' ],
27 silly audit   '@types/d3-array': [ '3.2.2' ],
27 silly audit   '@types/d3-color': [ '3.1.3' ],
27 silly audit   '@types/d3-ease': [ '3.0.2' ],
27 silly audit   '@types/d3-interpolate': [ '3.0.4' ],
27 silly audit   '@types/d3-path': [ '3.1.1' ],
27 silly audit   '@types/d3-scale': [ '4.0.9' ],
27 silly audit   '@types/d3-shape': [ '3.1.8' ],
27 silly audit   '@types/d3-time': [ '3.0.4' ],
27 silly audit   '@types/d3-timer': [ '3.0.2' ],
27 silly audit   '@types/esrecurse': [ '4.3.1' ],
27 silly audit   '@types/estree': [ '1.0.9' ],
27 silly audit   '@types/json-schema': [ '7.0.15' ],
27 silly audit   '@types/parse-json': [ '4.0.2' ],
27 silly audit   '@types/prop-types': [ '15.7.15' ],
27 silly audit   '@types/react': [ '19.2.15' ],
27 silly audit   '@types/react-dom': [ '19.2.3' ],
27 silly audit   '@types/react-transition-group': [ '4.4.12' ],
27 silly audit   '@types/use-sync-external-store': [ '0.0.6' ],
27 silly audit   '@vitejs/plugin-react': [ '6.0.2' ],
27 silly audit   acorn: [ '8.16.0' ],
27 silly audit   'acorn-jsx': [ '5.3.2' ],
27 silly audit   'agent-base': [ '6.0.2' ],
27 silly audit   ajv: [ '6.15.0' ],
27 silly audit   asynckit: [ '0.4.0' ],
27 silly audit   axios: [ '1.16.1' ],
27 silly audit   'babel-plugin-macros': [ '3.1.0' ],
27 silly audit   'balanced-match': [ '4.0.4' ],
27 silly audit   'baseline-browser-mapping': [ '2.10.31' ],
27 silly audit   'brace-expansion': [ '5.0.6' ],
27 silly audit   browserslist: [ '4.28.2' ],
27 silly audit   'call-bind-apply-helpers': [ '1.0.2' ],
27 silly audit   callsites: [ '3.1.0' ],
27 silly audit   'caniuse-lite': [ '1.0.30001793' ],
27 silly audit   clsx: [ '2.1.1' ],
27 silly audit   'combined-stream': [ '1.0.8' ],
27 silly audit   cookie: [ '1.1.1' ],
27 silly audit   cosmiconfig: [ '7.1.0' ],
27 silly audit   yaml: [ '1.10.3' ],
27 silly audit   'cross-spawn': [ '7.0.6' ],
27 silly audit   csstype: [ '3.2.3' ],
27 silly audit   'd3-array': [ '3.2.4' ],
27 silly audit   'd3-color': [ '3.1.0' ],
27 silly audit   'd3-ease': [ '3.0.1' ],
27 silly audit   'd3-format': [ '3.1.2' ],
27 silly audit   'd3-interpolate': [ '3.0.1' ],
27 silly audit   'd3-path': [ '3.1.0' ],
27 silly audit   'd3-scale': [ '4.0.2' ],
27 silly audit   'd3-shape': [ '3.2.0' ],
27 silly audit   'd3-time': [ '3.1.0' ],
27 silly audit   'd3-time-format': [ '4.1.0' ],
27 silly audit   'd3-timer': [ '3.0.1' ],
27 silly audit   'date-fns': [ '4.2.1' ],
27 silly audit   debug: [ '4.4.3' ],
27 silly audit   'decimal.js-light': [ '2.5.1' ],
27 silly audit   'deep-is': [ '0.1.4' ],
27 silly audit   'delayed-stream': [ '1.0.0' ],
27 silly audit   'detect-libc': [ '2.1.2' ],
27 silly audit   'dom-helpers': [ '5.2.1' ],
27 silly audit   'dunder-proto': [ '1.0.1' ],
27 silly audit   'electron-to-chromium': [ '1.5.360' ],
27 silly audit   'error-ex': [ '1.3.4' ],
27 silly audit   'es-define-property': [ '1.0.1' ],
27 silly audit   'es-errors': [ '1.3.0' ],
27 silly audit   'es-object-atoms': [ '1.1.1' ],
27 silly audit   'es-set-tostringtag': [ '2.1.0' ],
27 silly audit   'es-toolkit': [ '1.46.1' ],
27 silly audit   escalade: [ '3.2.0' ],
27 silly audit   'escape-string-regexp': [ '4.0.0' ],
27 silly audit   eslint: [ '10.4.0' ],
27 silly audit   'eslint-plugin-react-hooks': [ '7.1.1' ],
27 silly audit   'eslint-plugin-react-refresh': [ '0.5.2' ],
27 silly audit   'eslint-scope': [ '9.1.2' ],
27 silly audit   espree: [ '11.2.0' ],
27 silly audit   esquery: [ '1.7.0' ],
27 silly audit   esrecurse: [ '4.3.0' ],
27 silly audit   estraverse: [ '5.3.0' ],
27 silly audit   esutils: [ '2.0.3' ],
27 silly audit   eventemitter3: [ '5.0.4' ],
27 silly audit   'fast-deep-equal': [ '3.1.3' ],
27 silly audit   'fast-json-stable-stringify': [ '2.1.0' ],
27 silly audit   'fast-levenshtein': [ '2.0.6' ],
27 silly audit   fdir: [ '6.5.0' ],
27 silly audit   'file-entry-cache': [ '8.0.0' ],
27 silly audit   'find-root': [ '1.1.0' ],
27 silly audit   'find-up': [ '5.0.0' ],
27 silly audit   'flat-cache': [ '4.0.1' ],
27 silly audit   flatted: [ '3.4.2' ],
27 silly audit   'follow-redirects': [ '1.16.0' ],
27 silly audit   'form-data': [ '4.0.5' ],
27 silly audit   fsevents: [ '2.3.3' ],
27 silly audit   'function-bind': [ '1.1.2' ],
27 silly audit   gensync: [ '1.0.0-beta.2' ],
27 silly audit   'get-intrinsic': [ '1.3.0' ],
27 silly audit   'get-proto': [ '1.0.1' ],
27 silly audit   'glob-parent': [ '6.0.2' ],
27 silly audit   globals: [ '17.6.0' ],
27 silly audit   gopd: [ '1.2.0' ],
27 silly audit   'has-symbols': [ '1.1.0' ],
27 silly audit   'has-tostringtag': [ '1.0.2' ],
27 silly audit   hasown: [ '2.0.3' ],
27 silly audit   'hermes-estree': [ '0.25.1' ],
27 silly audit   'hermes-parser': [ '0.25.1' ],
27 silly audit   'hoist-non-react-statics': [ '3.3.2' ],
27 silly audit   'react-is': [ '16.13.1', '19.2.6' ],
27 silly audit   'https-proxy-agent': [ '5.0.1' ],
27 silly audit   ignore: [ '5.3.2' ],
27 silly audit   'import-fresh': [ '3.3.1' ],
27 silly audit   imurmurhash: [ '0.1.4' ],
27 silly audit   internmap: [ '2.0.3' ],
27 silly audit   'is-arrayish': [ '0.2.1' ],
27 silly audit   'is-core-module': [ '2.16.2' ],
27 silly audit   'is-extglob': [ '2.1.1' ],
27 silly audit   'is-glob': [ '4.0.3' ],
27 silly audit   isexe: [ '2.0.0' ],
27 silly audit   'js-tokens': [ '4.0.0' ],
27 silly audit   jsesc: [ '3.1.0' ],
27 silly audit   'json-buffer': [ '3.0.1' ],
27 silly audit   'json-parse-even-better-errors': [ '2.3.1' ],
27 silly audit   'json-schema-traverse': [ '0.4.1' ],
27 silly audit   'json-stable-stringify-without-jsonify': [ '1.0.1' ],
27 silly audit   json5: [ '2.2.3' ],
27 silly audit   keyv: [ '4.5.4' ],
27 silly audit   leaflet: [ '1.9.4' ],
27 silly audit   levn: [ '0.4.1' ],
27 silly audit   lightningcss: [ '1.32.0' ],
27 silly audit   'lightningcss-android-arm64': [ '1.32.0' ],
27 silly audit   'lightningcss-darwin-arm64': [ '1.32.0' ],
27 silly audit   'lightningcss-darwin-x64': [ '1.32.0' ],
27 silly audit   'lightningcss-freebsd-x64': [ '1.32.0' ],
27 silly audit   'lightningcss-linux-arm-gnueabihf': [ '1.32.0' ],
27 silly audit   'lightningcss-linux-arm64-gnu': [ '1.32.0' ],
27 silly audit   'lightningcss-linux-arm64-musl': [ '1.32.0' ],
27 silly audit   'lightningcss-linux-x64-gnu': [ '1.32.0' ],
27 silly audit   'lightningcss-linux-x64-musl': [ '1.32.0' ],
27 silly audit   'lightningcss-win32-arm64-msvc': [ '1.32.0' ],
27 silly audit   'lightningcss-win32-x64-msvc': [ '1.32.0' ],
27 silly audit   'lines-and-columns': [ '1.2.4' ],
27 silly audit   'locate-path': [ '6.0.0' ],
27 silly audit   'loose-envify': [ '1.4.0' ],
27 silly audit   'lru-cache': [ '5.1.1' ],
27 silly audit   'math-intrinsics': [ '1.1.0' ],
27 silly audit   'mime-db': [ '1.52.0' ],
27 silly audit   'mime-types': [ '2.1.35' ],
27 silly audit   minimatch: [ '10.2.5' ],
27 silly audit   ms: [ '2.1.3' ],
27 silly audit   nanoid: [ '3.3.12' ],
27 silly audit   'natural-compare': [ '1.4.0' ],
27 silly audit   'node-releases': [ '2.0.44' ],
27 silly audit   'object-assign': [ '4.1.1' ],
27 silly audit   optionator: [ '0.9.4' ],
27 silly audit   'p-limit': [ '3.1.0' ],
27 silly audit   'p-locate': [ '5.0.0' ],
27 silly audit   'parent-module': [ '1.0.1' ],
27 silly audit   'parse-json': [ '5.2.0' ],
27 silly audit   'path-exists': [ '4.0.0' ],
27 silly audit   'path-key': [ '3.1.1' ],
27 silly audit   'path-parse': [ '1.0.7' ],
27 silly audit   'path-type': [ '4.0.0' ],
27 silly audit   picocolors: [ '1.1.1' ],
27 silly audit   picomatch: [ '4.0.4' ],
27 silly audit   postcss: [ '8.5.15' ],
27 silly audit   'prelude-ls': [ '1.2.1' ],
27 silly audit   'prop-types': [ '15.8.1' ],
27 silly audit   'proxy-from-env': [ '2.1.0' ],
27 silly audit   punycode: [ '2.3.1' ],
27 silly audit   react: [ '19.2.6' ],
27 silly audit   'react-dom': [ '19.2.6' ],
27 silly audit   'react-leaflet': [ '5.0.0' ],
27 silly audit   'react-redux': [ '9.3.0' ],
27 silly audit   'react-router': [ '7.15.1' ],
27 silly audit   'react-router-dom': [ '7.15.1' ],
27 silly audit   'react-toastify': [ '11.1.0' ],
27 silly audit   'react-transition-group': [ '4.4.5' ],
27 silly audit   recharts: [ '3.8.1' ],
27 silly audit   redux: [ '5.0.1' ],
27 silly audit   'redux-thunk': [ '3.1.0' ],
27 silly audit   reselect: [ '5.1.1' ],
27 silly audit   resolve: [ '1.22.12' ],
27 silly audit   'resolve-from': [ '4.0.0' ],
27 silly audit   rolldown: [ '1.0.1' ],
27 silly audit   scheduler: [ '0.27.0' ],
27 silly audit   semver: [ '6.3.1' ],
27 silly audit   'set-cookie-parser': [ '2.7.2' ],
27 silly audit   'shebang-command': [ '2.0.0' ],
27 silly audit   'shebang-regex': [ '3.0.0' ],
27 silly audit   'source-map': [ '0.5.7' ],
27 silly audit   'source-map-js': [ '1.2.1' ],
27 silly audit   stylis: [ '4.2.0' ],
27 silly audit   'supports-preserve-symlinks-flag': [ '1.0.0' ],
27 silly audit   'tiny-invariant': [ '1.3.3' ],
27 silly audit   tinyglobby: [ '0.2.16' ],
27 silly audit   tslib: [ '2.8.1' ],
27 silly audit   'type-check': [ '0.4.0' ],
27 silly audit   'update-browserslist-db': [ '1.2.3' ],
27 silly audit   'uri-js': [ '4.4.1' ],
27 silly audit   'use-sync-external-store': [ '1.6.0' ],
27 silly audit   'victory-vendor': [ '37.3.6' ],
27 silly audit   vite: [ '8.0.13' ],
27 silly audit   which: [ '2.0.2' ],
27 silly audit   'word-wrap': [ '1.2.5' ],
27 silly audit   yallist: [ '3.1.1' ],
27 silly audit   'yocto-queue': [ '0.1.0' ],
27 silly audit   zod: [ '4.4.3' ],
27 silly audit   'zod-validation-error': [ '4.0.2' ]
27 silly audit }
28 http cache zod-validation-error@https://registry.npmjs.org/zod-validation-error/-/zod-validation-error-4.0.2.tgz 0ms (cache hit)
29 http cache zod@https://registry.npmjs.org/zod/-/zod-4.4.3.tgz 0ms (cache hit)
30 http cache yallist@https://registry.npmjs.org/yallist/-/yallist-3.1.1.tgz 0ms (cache hit)
31 http cache word-wrap@https://registry.npmjs.org/word-wrap/-/word-wrap-1.2.5.tgz 0ms (cache hit)
32 http cache yocto-queue@https://registry.npmjs.org/yocto-queue/-/yocto-queue-0.1.0.tgz 0ms (cache hit)
33 http cache vite@https://registry.npmjs.org/vite/-/vite-8.0.13.tgz 0ms (cache hit)
34 http cache which@https://registry.npmjs.org/which/-/which-2.0.2.tgz 0ms (cache hit)
35 http cache victory-vendor@https://registry.npmjs.org/victory-vendor/-/victory-vendor-37.3.6.tgz 0ms (cache hit)
36 http cache use-sync-external-store@https://registry.npmjs.org/use-sync-external-store/-/use-sync-external-store-1.6.0.tgz 0ms (cache hit)
37 http cache uri-js@https://registry.npmjs.org/uri-js/-/uri-js-4.4.1.tgz 0ms (cache hit)
38 http cache update-browserslist-db@https://registry.npmjs.org/update-browserslist-db/-/update-browserslist-db-1.2.3.tgz 0ms (cache hit)
39 http cache type-check@https://registry.npmjs.org/type-check/-/type-check-0.4.0.tgz 0ms (cache hit)
40 http cache tiny-invariant@https://registry.npmjs.org/tiny-invariant/-/tiny-invariant-1.3.3.tgz 0ms (cache hit)
41 http cache tinyglobby@https://registry.npmjs.org/tinyglobby/-/tinyglobby-0.2.16.tgz 0ms (cache hit)
42 http cache supports-preserve-symlinks-flag@https://registry.npmjs.org/supports-preserve-symlinks-flag/-/supports-preserve-symlinks-flag-1.0.0.tgz 0ms (cache hit)
43 http cache stylis@https://registry.npmjs.org/stylis/-/stylis-4.2.0.tgz 0ms (cache hit)
44 http cache source-map-js@https://registry.npmjs.org/source-map-js/-/source-map-js-1.2.1.tgz 0ms (cache hit)
45 http cache source-map@https://registry.npmjs.org/source-map/-/source-map-0.5.7.tgz 0ms (cache hit)
46 http cache shebang-regex@https://registry.npmjs.org/shebang-regex/-/shebang-regex-3.0.0.tgz 0ms (cache hit)
47 http cache shebang-command@https://registry.npmjs.org/shebang-command/-/shebang-command-2.0.0.tgz 0ms (cache hit)
48 http cache semver@https://registry.npmjs.org/semver/-/semver-6.3.1.tgz 0ms (cache hit)
49 http cache scheduler@https://registry.npmjs.org/scheduler/-/scheduler-0.27.0.tgz 0ms (cache hit)
50 http cache set-cookie-parser@https://registry.npmjs.org/set-cookie-parser/-/set-cookie-parser-2.7.2.tgz 0ms (cache hit)
51 http cache rolldown@https://registry.npmjs.org/rolldown/-/rolldown-1.0.1.tgz 0ms (cache hit)
52 http cache resolve@https://registry.npmjs.org/resolve/-/resolve-1.22.12.tgz 0ms (cache hit)
53 http cache reselect@https://registry.npmjs.org/reselect/-/reselect-5.1.1.tgz 0ms (cache hit)
54 http cache resolve-from@https://registry.npmjs.org/resolve-from/-/resolve-from-4.0.0.tgz 0ms (cache hit)
55 http cache redux-thunk@https://registry.npmjs.org/redux-thunk/-/redux-thunk-3.1.0.tgz 0ms (cache hit)
56 http cache redux@https://registry.npmjs.org/redux/-/redux-5.0.1.tgz 0ms (cache hit)
57 http cache recharts@https://registry.npmjs.org/recharts/-/recharts-3.8.1.tgz 0ms (cache hit)
58 http cache react-toastify@https://registry.npmjs.org/react-toastify/-/react-toastify-11.1.0.tgz 0ms (cache hit)
59 http cache react-router-dom@https://registry.npmjs.org/react-router-dom/-/react-router-dom-7.15.1.tgz 0ms (cache hit)
60 http cache react-transition-group@https://registry.npmjs.org/react-transition-group/-/react-transition-group-4.4.5.tgz 0ms (cache hit)
61 http cache react-router@https://registry.npmjs.org/react-router/-/react-router-7.15.1.tgz 0ms (cache hit)
62 http cache react-leaflet@https://registry.npmjs.org/react-leaflet/-/react-leaflet-5.0.0.tgz 0ms (cache hit)
63 http cache react-is@https://registry.npmjs.org/react-is/-/react-is-19.2.6.tgz 0ms (cache hit)
64 http cache react-redux@https://registry.npmjs.org/react-redux/-/react-redux-9.3.0.tgz 0ms (cache hit)
65 http cache react-dom@https://registry.npmjs.org/react-dom/-/react-dom-19.2.6.tgz 0ms (cache hit)
66 http cache react@https://registry.npmjs.org/react/-/react-19.2.6.tgz 0ms (cache hit)
67 http cache punycode@https://registry.npmjs.org/punycode/-/punycode-2.3.1.tgz 0ms (cache hit)
68 http cache prop-types@https://registry.npmjs.org/prop-types/-/prop-types-15.8.1.tgz 0ms (cache hit)
69 http cache prelude-ls@https://registry.npmjs.org/prelude-ls/-/prelude-ls-1.2.1.tgz 0ms (cache hit)
70 http cache postcss@https://registry.npmjs.org/postcss/-/postcss-8.5.15.tgz 0ms (cache hit)
71 http cache picomatch@https://registry.npmjs.org/picomatch/-/picomatch-4.0.4.tgz 0ms (cache hit)
72 http cache picocolors@https://registry.npmjs.org/picocolors/-/picocolors-1.1.1.tgz 0ms (cache hit)
73 http cache path-type@https://registry.npmjs.org/path-type/-/path-type-4.0.0.tgz 0ms (cache hit)
74 http cache path-parse@https://registry.npmjs.org/path-parse/-/path-parse-1.0.7.tgz 0ms (cache hit)
75 http cache path-key@https://registry.npmjs.org/path-key/-/path-key-3.1.1.tgz 0ms (cache hit)
76 http cache proxy-from-env@https://registry.npmjs.org/proxy-from-env/-/proxy-from-env-2.1.0.tgz 0ms (cache hit)
77 http cache path-exists@https://registry.npmjs.org/path-exists/-/path-exists-4.0.0.tgz 0ms (cache hit)
78 http cache p-locate@https://registry.npmjs.org/p-locate/-/p-locate-5.0.0.tgz 0ms (cache hit)
79 http cache parse-json@https://registry.npmjs.org/parse-json/-/parse-json-5.2.0.tgz 0ms (cache hit)
80 http cache p-limit@https://registry.npmjs.org/p-limit/-/p-limit-3.1.0.tgz 0ms (cache hit)
81 http cache optionator@https://registry.npmjs.org/optionator/-/optionator-0.9.4.tgz 0ms (cache hit)
82 http cache object-assign@https://registry.npmjs.org/object-assign/-/object-assign-4.1.1.tgz 0ms (cache hit)
83 http cache node-releases@https://registry.npmjs.org/node-releases/-/node-releases-2.0.44.tgz 0ms (cache hit)
84 http cache parent-module@https://registry.npmjs.org/parent-module/-/parent-module-1.0.1.tgz 0ms (cache hit)
85 http cache natural-compare@https://registry.npmjs.org/natural-compare/-/natural-compare-1.4.0.tgz 0ms (cache hit)
86 http cache nanoid@https://registry.npmjs.org/nanoid/-/nanoid-3.3.12.tgz 0ms (cache hit)
87 http cache ms@https://registry.npmjs.org/ms/-/ms-2.1.3.tgz 0ms (cache hit)
88 http cache minimatch@https://registry.npmjs.org/minimatch/-/minimatch-10.2.5.tgz 0ms (cache hit)
89 http cache mime-types@https://registry.npmjs.org/mime-types/-/mime-types-2.1.35.tgz 0ms (cache hit)
90 http cache mime-db@https://registry.npmjs.org/mime-db/-/mime-db-1.52.0.tgz 0ms (cache hit)
91 http cache math-intrinsics@https://registry.npmjs.org/math-intrinsics/-/math-intrinsics-1.1.0.tgz 0ms (cache hit)
92 http cache loose-envify@https://registry.npmjs.org/loose-envify/-/loose-envify-1.4.0.tgz 0ms (cache hit)
93 http cache lru-cache@https://registry.npmjs.org/lru-cache/-/lru-cache-5.1.1.tgz 0ms (cache hit)
94 http cache locate-path@https://registry.npmjs.org/locate-path/-/locate-path-6.0.0.tgz 0ms (cache hit)
95 http cache lines-and-columns@https://registry.npmjs.org/lines-and-columns/-/lines-and-columns-1.2.4.tgz 0ms (cache hit)
96 http cache lightningcss-darwin-arm64@https://registry.npmjs.org/lightningcss-darwin-arm64/-/lightningcss-darwin-arm64-1.32.0.tgz 0ms (cache hit)
97 http cache lightningcss@https://registry.npmjs.org/lightningcss/-/lightningcss-1.32.0.tgz 0ms (cache hit)
98 http cache levn@https://registry.npmjs.org/levn/-/levn-0.4.1.tgz 0ms (cache hit)
99 http cache keyv@https://registry.npmjs.org/keyv/-/keyv-4.5.4.tgz 0ms (cache hit)
100 http cache json5@https://registry.npmjs.org/json5/-/json5-2.2.3.tgz 0ms (cache hit)
101 http cache leaflet@https://registry.npmjs.org/leaflet/-/leaflet-1.9.4.tgz 0ms (cache hit)
102 http cache json-stable-stringify-without-jsonify@https://registry.npmjs.org/json-stable-stringify-without-jsonify/-/json-stable-stringify-without-jsonify-1.0.1.tgz 0ms (cache hit)
103 http cache json-schema-traverse@https://registry.npmjs.org/json-schema-traverse/-/json-schema-traverse-0.4.1.tgz 0ms (cache hit)
104 http cache json-buffer@https://registry.npmjs.org/json-buffer/-/json-buffer-3.0.1.tgz 0ms (cache hit)
105 http cache jsesc@https://registry.npmjs.org/jsesc/-/jsesc-3.1.0.tgz 0ms (cache hit)
106 http cache json-parse-even-better-errors@https://registry.npmjs.org/json-parse-even-better-errors/-/json-parse-even-better-errors-2.3.1.tgz 0ms (cache hit)
107 http cache isexe@https://registry.npmjs.org/isexe/-/isexe-2.0.0.tgz 0ms (cache hit)
108 http cache is-glob@https://registry.npmjs.org/is-glob/-/is-glob-4.0.3.tgz 0ms (cache hit)
109 http cache js-tokens@https://registry.npmjs.org/js-tokens/-/js-tokens-4.0.0.tgz 0ms (cache hit)
110 http cache is-extglob@https://registry.npmjs.org/is-extglob/-/is-extglob-2.1.1.tgz 0ms (cache hit)
111 http cache is-arrayish@https://registry.npmjs.org/is-arrayish/-/is-arrayish-0.2.1.tgz 0ms (cache hit)
112 http cache internmap@https://registry.npmjs.org/internmap/-/internmap-2.0.3.tgz 0ms (cache hit)
113 http cache is-core-module@https://registry.npmjs.org/is-core-module/-/is-core-module-2.16.2.tgz 0ms (cache hit)
114 http cache imurmurhash@https://registry.npmjs.org/imurmurhash/-/imurmurhash-0.1.4.tgz 0ms (cache hit)
115 http cache import-fresh@https://registry.npmjs.org/import-fresh/-/import-fresh-3.3.1.tgz 0ms (cache hit)
116 http cache ignore@https://registry.npmjs.org/ignore/-/ignore-5.3.2.tgz 0ms (cache hit)
117 http cache immer@https://registry.npmjs.org/immer/-/immer-10.2.0.tgz 0ms (cache hit)
118 http cache https-proxy-agent@https://registry.npmjs.org/https-proxy-agent/-/https-proxy-agent-5.0.1.tgz 0ms (cache hit)
119 http cache hoist-non-react-statics@https://registry.npmjs.org/hoist-non-react-statics/-/hoist-non-react-statics-3.3.2.tgz 0ms (cache hit)
120 http cache hermes-parser@https://registry.npmjs.org/hermes-parser/-/hermes-parser-0.25.1.tgz 0ms (cache hit)
121 http cache hermes-estree@https://registry.npmjs.org/hermes-estree/-/hermes-estree-0.25.1.tgz 0ms (cache hit)
122 http cache has-tostringtag@https://registry.npmjs.org/has-tostringtag/-/has-tostringtag-1.0.2.tgz 0ms (cache hit)
123 http cache has-symbols@https://registry.npmjs.org/has-symbols/-/has-symbols-1.1.0.tgz 0ms (cache hit)
124 http cache hasown@https://registry.npmjs.org/hasown/-/hasown-2.0.3.tgz 0ms (cache hit)
125 http cache gopd@https://registry.npmjs.org/gopd/-/gopd-1.2.0.tgz 0ms (cache hit)
126 http cache globals@https://registry.npmjs.org/globals/-/globals-17.6.0.tgz 0ms (cache hit)
127 http cache glob-parent@https://registry.npmjs.org/glob-parent/-/glob-parent-6.0.2.tgz 0ms (cache hit)
128 http cache get-proto@https://registry.npmjs.org/get-proto/-/get-proto-1.0.1.tgz 0ms (cache hit)
129 http cache gensync@https://registry.npmjs.org/gensync/-/gensync-1.0.0-beta.2.tgz 0ms (cache hit)
130 http cache function-bind@https://registry.npmjs.org/function-bind/-/function-bind-1.1.2.tgz 0ms (cache hit)
131 http cache fsevents@https://registry.npmjs.org/fsevents/-/fsevents-2.3.3.tgz 0ms (cache hit)
132 http cache get-intrinsic@https://registry.npmjs.org/get-intrinsic/-/get-intrinsic-1.3.0.tgz 0ms (cache hit)
133 http cache form-data@https://registry.npmjs.org/form-data/-/form-data-4.0.5.tgz 0ms (cache hit)
134 http cache follow-redirects@https://registry.npmjs.org/follow-redirects/-/follow-redirects-1.16.0.tgz 0ms (cache hit)
135 http cache flatted@https://registry.npmjs.org/flatted/-/flatted-3.4.2.tgz 0ms (cache hit)
136 http cache flat-cache@https://registry.npmjs.org/flat-cache/-/flat-cache-4.0.1.tgz 0ms (cache hit)
137 http cache find-up@https://registry.npmjs.org/find-up/-/find-up-5.0.0.tgz 0ms (cache hit)
138 http cache find-root@https://registry.npmjs.org/find-root/-/find-root-1.1.0.tgz 0ms (cache hit)
139 http cache file-entry-cache@https://registry.npmjs.org/file-entry-cache/-/file-entry-cache-8.0.0.tgz 0ms (cache hit)
140 http cache fast-levenshtein@https://registry.npmjs.org/fast-levenshtein/-/fast-levenshtein-2.0.6.tgz 0ms (cache hit)
141 http cache fdir@https://registry.npmjs.org/fdir/-/fdir-6.5.0.tgz 0ms (cache hit)
142 http cache fast-json-stable-stringify@https://registry.npmjs.org/fast-json-stable-stringify/-/fast-json-stable-stringify-2.1.0.tgz 0ms (cache hit)
143 http cache fast-deep-equal@https://registry.npmjs.org/fast-deep-equal/-/fast-deep-equal-3.1.3.tgz 0ms (cache hit)
144 http cache eventemitter3@https://registry.npmjs.org/eventemitter3/-/eventemitter3-5.0.4.tgz 0ms (cache hit)
145 http cache esutils@https://registry.npmjs.org/esutils/-/esutils-2.0.3.tgz 0ms (cache hit)
146 http cache estraverse@https://registry.npmjs.org/estraverse/-/estraverse-5.3.0.tgz 0ms (cache hit)
147 http cache esrecurse@https://registry.npmjs.org/esrecurse/-/esrecurse-4.3.0.tgz 0ms (cache hit)
148 http cache espree@https://registry.npmjs.org/espree/-/espree-11.2.0.tgz 0ms (cache hit)
149 http cache eslint-visitor-keys@https://registry.npmjs.org/eslint-visitor-keys/-/eslint-visitor-keys-5.0.1.tgz 0ms (cache hit)
150 http cache esquery@https://registry.npmjs.org/esquery/-/esquery-1.7.0.tgz 0ms (cache hit)
151 http cache eslint-scope@https://registry.npmjs.org/eslint-scope/-/eslint-scope-9.1.2.tgz 0ms (cache hit)
152 http cache eslint-plugin-react-hooks@https://registry.npmjs.org/eslint-plugin-react-hooks/-/eslint-plugin-react-hooks-7.1.1.tgz 0ms (cache hit)
153 http cache eslint@https://registry.npmjs.org/eslint/-/eslint-10.4.0.tgz 0ms (cache hit)
154 http cache eslint-plugin-react-refresh@https://registry.npmjs.org/eslint-plugin-react-refresh/-/eslint-plugin-react-refresh-0.5.2.tgz 0ms (cache hit)
155 http cache escape-string-regexp@https://registry.npmjs.org/escape-string-regexp/-/escape-string-regexp-4.0.0.tgz 0ms (cache hit)
156 http cache es-toolkit@https://registry.npmjs.org/es-toolkit/-/es-toolkit-1.46.1.tgz 0ms (cache hit)
157 http cache es-set-tostringtag@https://registry.npmjs.org/es-set-tostringtag/-/es-set-tostringtag-2.1.0.tgz 0ms (cache hit)
158 http cache escalade@https://registry.npmjs.org/escalade/-/escalade-3.2.0.tgz 0ms (cache hit)
159 http cache es-errors@https://registry.npmjs.org/es-errors/-/es-errors-1.3.0.tgz 0ms (cache hit)
160 http cache es-define-property@https://registry.npmjs.org/es-define-property/-/es-define-property-1.0.1.tgz 0ms (cache hit)
161 http cache es-object-atoms@https://registry.npmjs.org/es-object-atoms/-/es-object-atoms-1.1.1.tgz 0ms (cache hit)
162 http cache electron-to-chromium@https://registry.npmjs.org/electron-to-chromium/-/electron-to-chromium-1.5.360.tgz 0ms (cache hit)
163 http cache dunder-proto@https://registry.npmjs.org/dunder-proto/-/dunder-proto-1.0.1.tgz 0ms (cache hit)
164 http cache error-ex@https://registry.npmjs.org/error-ex/-/error-ex-1.3.4.tgz 0ms (cache hit)
165 http cache detect-libc@https://registry.npmjs.org/detect-libc/-/detect-libc-2.1.2.tgz 0ms (cache hit)
166 http cache dom-helpers@https://registry.npmjs.org/dom-helpers/-/dom-helpers-5.2.1.tgz 0ms (cache hit)
167 http cache deep-is@https://registry.npmjs.org/deep-is/-/deep-is-0.1.4.tgz 0ms (cache hit)
168 http cache decimal.js-light@https://registry.npmjs.org/decimal.js-light/-/decimal.js-light-2.5.1.tgz 0ms (cache hit)
169 http cache date-fns@https://registry.npmjs.org/date-fns/-/date-fns-4.2.1.tgz 0ms (cache hit)
170 http cache debug@https://registry.npmjs.org/debug/-/debug-4.4.3.tgz 0ms (cache hit)
171 http cache delayed-stream@https://registry.npmjs.org/delayed-stream/-/delayed-stream-1.0.0.tgz 0ms (cache hit)
172 http cache d3-timer@https://registry.npmjs.org/d3-timer/-/d3-timer-3.0.1.tgz 0ms (cache hit)
173 http cache d3-time-format@https://registry.npmjs.org/d3-time-format/-/d3-time-format-4.1.0.tgz 0ms (cache hit)
174 http cache d3-time@https://registry.npmjs.org/d3-time/-/d3-time-3.1.0.tgz 0ms (cache hit)
175 http cache d3-scale@https://registry.npmjs.org/d3-scale/-/d3-scale-4.0.2.tgz 0ms (cache hit)
176 http cache d3-shape@https://registry.npmjs.org/d3-shape/-/d3-shape-3.2.0.tgz 0ms (cache hit)
177 http cache d3-interpolate@https://registry.npmjs.org/d3-interpolate/-/d3-interpolate-3.0.1.tgz 0ms (cache hit)
178 http cache d3-format@https://registry.npmjs.org/d3-format/-/d3-format-3.1.2.tgz 0ms (cache hit)
179 http cache d3-path@https://registry.npmjs.org/d3-path/-/d3-path-3.1.0.tgz 0ms (cache hit)
180 http cache d3-color@https://registry.npmjs.org/d3-color/-/d3-color-3.1.0.tgz 0ms (cache hit)
181 http cache d3-ease@https://registry.npmjs.org/d3-ease/-/d3-ease-3.0.1.tgz 0ms (cache hit)
182 http cache cross-spawn@https://registry.npmjs.org/cross-spawn/-/cross-spawn-7.0.6.tgz 0ms (cache hit)
183 http cache d3-array@https://registry.npmjs.org/d3-array/-/d3-array-3.2.4.tgz 0ms (cache hit)
184 http cache csstype@https://registry.npmjs.org/csstype/-/csstype-3.2.3.tgz 0ms (cache hit)
185 http cache cookie@https://registry.npmjs.org/cookie/-/cookie-1.1.1.tgz 0ms (cache hit)
186 http cache cosmiconfig@https://registry.npmjs.org/cosmiconfig/-/cosmiconfig-7.1.0.tgz 0ms (cache hit)
187 http cache combined-stream@https://registry.npmjs.org/combined-stream/-/combined-stream-1.0.8.tgz 0ms (cache hit)
188 http cache clsx@https://registry.npmjs.org/clsx/-/clsx-2.1.1.tgz 0ms (cache hit)
189 http cache caniuse-lite@https://registry.npmjs.org/caniuse-lite/-/caniuse-lite-1.0.30001793.tgz 0ms (cache hit)
190 http cache callsites@https://registry.npmjs.org/callsites/-/callsites-3.1.0.tgz 0ms (cache hit)
191 http cache call-bind-apply-helpers@https://registry.npmjs.org/call-bind-apply-helpers/-/call-bind-apply-helpers-1.0.2.tgz 0ms (cache hit)
192 http cache browserslist@https://registry.npmjs.org/browserslist/-/browserslist-4.28.2.tgz 0ms (cache hit)
193 http cache convert-source-map@https://registry.npmjs.org/convert-source-map/-/convert-source-map-2.0.0.tgz 0ms (cache hit)
194 http cache brace-expansion@https://registry.npmjs.org/brace-expansion/-/brace-expansion-5.0.6.tgz 0ms (cache hit)
195 http cache baseline-browser-mapping@https://registry.npmjs.org/baseline-browser-mapping/-/baseline-browser-mapping-2.10.31.tgz 0ms (cache hit)
196 http cache balanced-match@https://registry.npmjs.org/balanced-match/-/balanced-match-4.0.4.tgz 0ms (cache hit)
197 http cache babel-plugin-macros@https://registry.npmjs.org/babel-plugin-macros/-/babel-plugin-macros-3.1.0.tgz 0ms (cache hit)
198 http cache axios@https://registry.npmjs.org/axios/-/axios-1.16.1.tgz 0ms (cache hit)
199 http cache asynckit@https://registry.npmjs.org/asynckit/-/asynckit-0.4.0.tgz 0ms (cache hit)
200 http cache ajv@https://registry.npmjs.org/ajv/-/ajv-6.15.0.tgz 0ms (cache hit)
201 http cache agent-base@https://registry.npmjs.org/agent-base/-/agent-base-6.0.2.tgz 0ms (cache hit)
202 http cache acorn-jsx@https://registry.npmjs.org/acorn-jsx/-/acorn-jsx-5.3.2.tgz 0ms (cache hit)
203 http cache acorn@https://registry.npmjs.org/acorn/-/acorn-8.16.0.tgz 0ms (cache hit)
204 http cache @vitejs/plugin-react@https://registry.npmjs.org/@vitejs/plugin-react/-/plugin-react-6.0.2.tgz 0ms (cache hit)
205 http cache @types/use-sync-external-store@https://registry.npmjs.org/@types/use-sync-external-store/-/use-sync-external-store-0.0.6.tgz 0ms (cache hit)
206 http cache @types/react-transition-group@https://registry.npmjs.org/@types/react-transition-group/-/react-transition-group-4.4.12.tgz 0ms (cache hit)
207 http cache @types/react-dom@https://registry.npmjs.org/@types/react-dom/-/react-dom-19.2.3.tgz 0ms (cache hit)
208 http cache @types/prop-types@https://registry.npmjs.org/@types/prop-types/-/prop-types-15.7.15.tgz 0ms (cache hit)
209 http cache @types/parse-json@https://registry.npmjs.org/@types/parse-json/-/parse-json-4.0.2.tgz 0ms (cache hit)
210 http cache @types/react@https://registry.npmjs.org/@types/react/-/react-19.2.15.tgz 0ms (cache hit)
211 http cache @types/estree@https://registry.npmjs.org/@types/estree/-/estree-1.0.9.tgz 0ms (cache hit)
212 http cache @types/json-schema@https://registry.npmjs.org/@types/json-schema/-/json-schema-7.0.15.tgz 0ms (cache hit)
213 http cache @types/d3-timer@https://registry.npmjs.org/@types/d3-timer/-/d3-timer-3.0.2.tgz 0ms (cache hit)
214 http cache @types/d3-time@https://registry.npmjs.org/@types/d3-time/-/d3-time-3.0.4.tgz 0ms (cache hit)
215 http cache @types/esrecurse@https://registry.npmjs.org/@types/esrecurse/-/esrecurse-4.3.1.tgz 0ms (cache hit)
216 http cache @types/d3-scale@https://registry.npmjs.org/@types/d3-scale/-/d3-scale-4.0.9.tgz 0ms (cache hit)
217 http cache @types/d3-shape@https://registry.npmjs.org/@types/d3-shape/-/d3-shape-3.1.8.tgz 0ms (cache hit)
218 http cache @types/d3-path@https://registry.npmjs.org/@types/d3-path/-/d3-path-3.1.1.tgz 0ms (cache hit)
219 http cache @types/d3-interpolate@https://registry.npmjs.org/@types/d3-interpolate/-/d3-interpolate-3.0.4.tgz 0ms (cache hit)
220 http cache @types/d3-ease@https://registry.npmjs.org/@types/d3-ease/-/d3-ease-3.0.2.tgz 0ms (cache hit)
221 http cache @types/d3-array@https://registry.npmjs.org/@types/d3-array/-/d3-array-3.2.2.tgz 0ms (cache hit)
222 http cache @standard-schema/utils@https://registry.npmjs.org/@standard-schema/utils/-/utils-0.3.0.tgz 0ms (cache hit)
223 http cache @rolldown/pluginutils@https://registry.npmjs.org/@rolldown/pluginutils/-/pluginutils-1.0.1.tgz 0ms (cache hit)
224 http cache @standard-schema/spec@https://registry.npmjs.org/@standard-schema/spec/-/spec-1.1.0.tgz 0ms (cache hit)
225 http cache @types/d3-color@https://registry.npmjs.org/@types/d3-color/-/d3-color-3.1.3.tgz 0ms (cache hit)
226 http cache @rolldown/binding-darwin-arm64@https://registry.npmjs.org/@rolldown/binding-darwin-arm64/-/binding-darwin-arm64-1.0.1.tgz 0ms (cache hit)
227 http cache @reduxjs/toolkit@https://registry.npmjs.org/@reduxjs/toolkit/-/toolkit-2.12.0.tgz 0ms (cache hit)
228 http cache @react-leaflet/core@https://registry.npmjs.org/@react-leaflet/core/-/core-3.0.0.tgz 0ms (cache hit)
229 http cache @popperjs/core@https://registry.npmjs.org/@popperjs/core/-/core-2.11.8.tgz 0ms (cache hit)
230 http cache @oxc-project/types@https://registry.npmjs.org/@oxc-project/types/-/types-0.130.0.tgz 0ms (cache hit)
231 http cache @mui/types@https://registry.npmjs.org/@mui/types/-/types-9.0.0.tgz 0ms (cache hit)
232 http cache @mui/system@https://registry.npmjs.org/@mui/system/-/system-9.0.1.tgz 0ms (cache hit)
233 http cache @mui/utils@https://registry.npmjs.org/@mui/utils/-/utils-9.0.1.tgz 0ms (cache hit)
234 http cache @mui/styled-engine@https://registry.npmjs.org/@mui/styled-engine/-/styled-engine-9.0.0.tgz 0ms (cache hit)
235 http cache @mui/private-theming@https://registry.npmjs.org/@mui/private-theming/-/private-theming-9.0.1.tgz 0ms (cache hit)
236 http cache @mui/material@https://registry.npmjs.org/@mui/material/-/material-9.0.1.tgz 0ms (cache hit)
237 http cache @mui/core-downloads-tracker@https://registry.npmjs.org/@mui/core-downloads-tracker/-/core-downloads-tracker-9.0.1.tgz 0ms (cache hit)
238 http cache @mui/icons-material@https://registry.npmjs.org/@mui/icons-material/-/icons-material-9.0.1.tgz 0ms (cache hit)
239 http cache @jridgewell/sourcemap-codec@https://registry.npmjs.org/@jridgewell/sourcemap-codec/-/sourcemap-codec-1.5.5.tgz 0ms (cache hit)
240 http cache @jridgewell/resolve-uri@https://registry.npmjs.org/@jridgewell/resolve-uri/-/resolve-uri-3.1.2.tgz 0ms (cache hit)
241 http cache @jridgewell/trace-mapping@https://registry.npmjs.org/@jridgewell/trace-mapping/-/trace-mapping-0.3.31.tgz 0ms (cache hit)
242 http cache @jridgewell/remapping@https://registry.npmjs.org/@jridgewell/remapping/-/remapping-2.3.5.tgz 0ms (cache hit)
243 http cache @jridgewell/gen-mapping@https://registry.npmjs.org/@jridgewell/gen-mapping/-/gen-mapping-0.3.13.tgz 0ms (cache hit)
244 http cache @humanwhocodes/retry@https://registry.npmjs.org/@humanwhocodes/retry/-/retry-0.4.3.tgz 0ms (cache hit)
245 http cache @humanwhocodes/module-importer@https://registry.npmjs.org/@humanwhocodes/module-importer/-/module-importer-1.0.1.tgz 0ms (cache hit)
246 http cache @eslint/plugin-kit@https://registry.npmjs.org/@eslint/plugin-kit/-/plugin-kit-0.7.1.tgz 0ms (cache hit)
247 http cache @humanfs/node@https://registry.npmjs.org/@humanfs/node/-/node-0.16.8.tgz 0ms (cache hit)
248 http cache @eslint/object-schema@https://registry.npmjs.org/@eslint/object-schema/-/object-schema-3.0.5.tgz 0ms (cache hit)
249 http cache @humanfs/core@https://registry.npmjs.org/@humanfs/core/-/core-0.19.2.tgz 0ms (cache hit)
250 http cache @humanfs/types@https://registry.npmjs.org/@humanfs/types/-/types-0.15.0.tgz 0ms (cache hit)
251 http cache @eslint/js@https://registry.npmjs.org/@eslint/js/-/js-10.0.1.tgz 0ms (cache hit)
252 http cache @eslint/core@https://registry.npmjs.org/@eslint/core/-/core-1.2.1.tgz 0ms (cache hit)
253 http cache @eslint/config-helpers@https://registry.npmjs.org/@eslint/config-helpers/-/config-helpers-0.6.0.tgz 0ms (cache hit)
254 http cache @eslint/config-array@https://registry.npmjs.org/@eslint/config-array/-/config-array-0.23.5.tgz 0ms (cache hit)
255 http cache @eslint-community/regexpp@https://registry.npmjs.org/@eslint-community/regexpp/-/regexpp-4.12.2.tgz 0ms (cache hit)
256 http cache @eslint-community/eslint-utils@https://registry.npmjs.org/@eslint-community/eslint-utils/-/eslint-utils-4.9.1.tgz 0ms (cache hit)
257 http cache @emotion/utils@https://registry.npmjs.org/@emotion/utils/-/utils-1.4.2.tgz 0ms (cache hit)
258 http cache @emotion/weak-memoize@https://registry.npmjs.org/@emotion/weak-memoize/-/weak-memoize-0.4.0.tgz 0ms (cache hit)
259 http cache @emotion/use-insertion-effect-with-fallbacks@https://registry.npmjs.org/@emotion/use-insertion-effect-with-fallbacks/-/use-insertion-effect-with-fallbacks-1.2.0.tgz 0ms (cache hit)
260 http cache @emotion/unitless@https://registry.npmjs.org/@emotion/unitless/-/unitless-0.10.0.tgz 0ms (cache hit)
261 http cache @emotion/styled@https://registry.npmjs.org/@emotion/styled/-/styled-11.14.1.tgz 0ms (cache hit)
262 http cache @emotion/sheet@https://registry.npmjs.org/@emotion/sheet/-/sheet-1.4.0.tgz 0ms (cache hit)
263 http cache @emotion/serialize@https://registry.npmjs.org/@emotion/serialize/-/serialize-1.3.3.tgz 0ms (cache hit)
264 http cache @emotion/react@https://registry.npmjs.org/@emotion/react/-/react-11.14.0.tgz 0ms (cache hit)
265 http cache @emotion/memoize@https://registry.npmjs.org/@emotion/memoize/-/memoize-0.9.0.tgz 0ms (cache hit)
266 http cache @emotion/is-prop-valid@https://registry.npmjs.org/@emotion/is-prop-valid/-/is-prop-valid-1.4.0.tgz 0ms (cache hit)
267 http cache @emotion/hash@https://registry.npmjs.org/@emotion/hash/-/hash-0.9.2.tgz 0ms (cache hit)
268 http cache @emotion/cache@https://registry.npmjs.org/@emotion/cache/-/cache-11.14.0.tgz 0ms (cache hit)
269 http cache @emotion/babel-plugin@https://registry.npmjs.org/@emotion/babel-plugin/-/babel-plugin-11.13.5.tgz 0ms (cache hit)
270 http cache @babel/types@https://registry.npmjs.org/@babel/types/-/types-7.29.0.tgz 0ms (cache hit)
271 http cache @babel/traverse@https://registry.npmjs.org/@babel/traverse/-/traverse-7.29.0.tgz 0ms (cache hit)
272 http cache @babel/template@https://registry.npmjs.org/@babel/template/-/template-7.28.6.tgz 0ms (cache hit)
273 http cache @babel/runtime@https://registry.npmjs.org/@babel/runtime/-/runtime-7.29.2.tgz 0ms (cache hit)
274 http cache @babel/parser@https://registry.npmjs.org/@babel/parser/-/parser-7.29.3.tgz 0ms (cache hit)
275 http cache @babel/helpers@https://registry.npmjs.org/@babel/helpers/-/helpers-7.29.2.tgz 0ms (cache hit)
276 http cache @babel/helper-validator-option@https://registry.npmjs.org/@babel/helper-validator-option/-/helper-validator-option-7.27.1.tgz 0ms (cache hit)
277 http cache @babel/helper-validator-identifier@https://registry.npmjs.org/@babel/helper-validator-identifier/-/helper-validator-identifier-7.28.5.tgz 0ms (cache hit)
278 http cache @babel/helper-string-parser@https://registry.npmjs.org/@babel/helper-string-parser/-/helper-string-parser-7.27.1.tgz 0ms (cache hit)
279 http cache @babel/helper-module-transforms@https://registry.npmjs.org/@babel/helper-module-transforms/-/helper-module-transforms-7.28.6.tgz 0ms (cache hit)
280 http cache @babel/helper-module-imports@https://registry.npmjs.org/@babel/helper-module-imports/-/helper-module-imports-7.28.6.tgz 0ms (cache hit)
281 http cache @babel/helper-globals@https://registry.npmjs.org/@babel/helper-globals/-/helper-globals-7.28.0.tgz 0ms (cache hit)
282 http cache @babel/helper-compilation-targets@https://registry.npmjs.org/@babel/helper-compilation-targets/-/helper-compilation-targets-7.28.6.tgz 0ms (cache hit)
283 http cache @babel/generator@https://registry.npmjs.org/@babel/generator/-/generator-7.29.1.tgz 0ms (cache hit)
284 http cache @babel/core@https://registry.npmjs.org/@babel/core/-/core-7.29.0.tgz 0ms (cache hit)
285 http cache @babel/compat-data@https://registry.npmjs.org/@babel/compat-data/-/compat-data-7.29.3.tgz 0ms (cache hit)
286 http cache @babel/code-frame@https://registry.npmjs.org/@babel/code-frame/-/code-frame-7.29.0.tgz 0ms (cache hit)
287 http cache react-is@https://registry.npmjs.org/react-is/-/react-is-16.13.1.tgz 0ms (cache hit)
288 http cache react-is@https://registry.npmjs.org/react-is/-/react-is-16.13.1.tgz 0ms (cache hit)
289 http cache yaml@https://registry.npmjs.org/yaml/-/yaml-1.10.3.tgz 0ms (cache hit)
290 http cache immer@https://registry.npmjs.org/immer/-/immer-11.1.8.tgz 0ms (cache hit)
291 http cache eslint-visitor-keys@https://registry.npmjs.org/eslint-visitor-keys/-/eslint-visitor-keys-3.4.3.tgz 0ms (cache hit)
292 http cache convert-source-map@https://registry.npmjs.org/convert-source-map/-/convert-source-map-1.9.0.tgz 0ms (cache hit)
293 silly tarball no local data for lightningcss-darwin-arm64@https://registry.npmjs.org/lightningcss-darwin-arm64/-/lightningcss-darwin-arm64-1.32.0.tgz. Extracting by manifest.
294 silly tarball no local data for fsevents@https://registry.npmjs.org/fsevents/-/fsevents-2.3.3.tgz. Extracting by manifest.
295 silly tarball no local data for @rolldown/binding-darwin-arm64@https://registry.npmjs.org/@rolldown/binding-darwin-arm64/-/binding-darwin-arm64-1.0.1.tgz. Extracting by manifest.
296 http fetch GET 200 https://registry.npmjs.org/fsevents/-/fsevents-2.3.3.tgz 825ms (cache miss)
297 http fetch POST 200 https://registry.npmjs.org/-/npm/v1/security/advisories/bulk 1077ms
298 silly audit report {}
299 http fetch GET 200 https://registry.npmjs.org/lightningcss-darwin-arm64/-/lightningcss-darwin-arm64-1.32.0.tgz 1592ms (cache miss)
300 http fetch GET 200 https://registry.npmjs.org/@rolldown/binding-darwin-arm64/-/binding-darwin-arm64-1.0.1.tgz 3103ms (cache miss)
301 silly ADD node_modules/zod-validation-error
302 silly ADD node_modules/zod
303 silly ADD node_modules/yocto-queue
304 silly ADD node_modules/yallist
305 silly ADD node_modules/word-wrap
306 silly ADD node_modules/which
307 silly ADD node_modules/vite
308 silly ADD node_modules/victory-vendor
309 silly ADD node_modules/use-sync-external-store
310 silly ADD node_modules/uri-js
311 silly ADD node_modules/update-browserslist-db
312 silly ADD node_modules/type-check
313 silly ADD node_modules/tinyglobby
314 silly ADD node_modules/tiny-invariant
315 silly ADD node_modules/supports-preserve-symlinks-flag
316 silly ADD node_modules/stylis
317 silly ADD node_modules/source-map-js
318 silly ADD node_modules/source-map
319 silly ADD node_modules/shebang-regex
320 silly ADD node_modules/shebang-command
321 silly ADD node_modules/set-cookie-parser
322 silly ADD node_modules/semver
323 silly ADD node_modules/scheduler
324 silly ADD node_modules/rolldown
325 silly ADD node_modules/resolve-from
326 silly ADD node_modules/resolve
327 silly ADD node_modules/reselect
328 silly ADD node_modules/redux-thunk
329 silly ADD node_modules/redux
330 silly ADD node_modules/recharts
331 silly ADD node_modules/react-transition-group
332 silly ADD node_modules/react-toastify
333 silly ADD node_modules/react-router-dom
334 silly ADD node_modules/react-router
335 silly ADD node_modules/react-redux
336 silly ADD node_modules/react-leaflet
337 silly ADD node_modules/react-is
338 silly ADD node_modules/react-dom
339 silly ADD node_modules/react
340 silly ADD node_modules/punycode
341 silly ADD node_modules/proxy-from-env
342 silly ADD node_modules/prop-types
343 silly ADD node_modules/prop-types/node_modules/react-is
344 silly ADD node_modules/prelude-ls
345 silly ADD node_modules/postcss
346 silly ADD node_modules/picomatch
347 silly ADD node_modules/picocolors
348 silly ADD node_modules/path-type
349 silly ADD node_modules/path-parse
350 silly ADD node_modules/path-key
351 silly ADD node_modules/path-exists
352 silly ADD node_modules/parse-json
353 silly ADD node_modules/parent-module
354 silly ADD node_modules/p-locate
355 silly ADD node_modules/p-limit
356 silly ADD node_modules/optionator
357 silly ADD node_modules/object-assign
358 silly ADD node_modules/node-releases
359 silly ADD node_modules/natural-compare
360 silly ADD node_modules/nanoid
361 silly ADD node_modules/ms
362 silly ADD node_modules/minimatch
363 silly ADD node_modules/mime-types
364 silly ADD node_modules/mime-db
365 silly ADD node_modules/math-intrinsics
366 silly ADD node_modules/lru-cache
367 silly ADD node_modules/loose-envify
368 silly ADD node_modules/locate-path
369 silly ADD node_modules/lines-and-columns
370 silly ADD node_modules/lightningcss-darwin-arm64
371 silly ADD node_modules/lightningcss
372 silly ADD node_modules/levn
373 silly ADD node_modules/leaflet
374 silly ADD node_modules/keyv
375 silly ADD node_modules/json5
376 silly ADD node_modules/json-stable-stringify-without-jsonify
377 silly ADD node_modules/json-schema-traverse
378 silly ADD node_modules/json-parse-even-better-errors
379 silly ADD node_modules/json-buffer
380 silly ADD node_modules/jsesc
381 silly ADD node_modules/js-tokens
382 silly ADD node_modules/isexe
383 silly ADD node_modules/is-glob
384 silly ADD node_modules/is-extglob
385 silly ADD node_modules/is-core-module
386 silly ADD node_modules/is-arrayish
387 silly ADD node_modules/internmap
388 silly ADD node_modules/imurmurhash
389 silly ADD node_modules/import-fresh
390 silly ADD node_modules/immer
391 silly ADD node_modules/ignore
392 silly ADD node_modules/https-proxy-agent
393 silly ADD node_modules/hoist-non-react-statics
394 silly ADD node_modules/hoist-non-react-statics/node_modules/react-is
395 silly ADD node_modules/hermes-parser
396 silly ADD node_modules/hermes-estree
397 silly ADD node_modules/hasown
398 silly ADD node_modules/has-tostringtag
399 silly ADD node_modules/has-symbols
400 silly ADD node_modules/gopd
401 silly ADD node_modules/globals
402 silly ADD node_modules/glob-parent
403 silly ADD node_modules/get-proto
404 silly ADD node_modules/get-intrinsic
405 silly ADD node_modules/gensync
406 silly ADD node_modules/function-bind
407 silly ADD node_modules/fsevents
408 silly ADD node_modules/form-data
409 silly ADD node_modules/follow-redirects
410 silly ADD node_modules/flatted
411 silly ADD node_modules/flat-cache
412 silly ADD node_modules/find-up
413 silly ADD node_modules/find-root
414 silly ADD node_modules/file-entry-cache
415 silly ADD node_modules/fdir
416 silly ADD node_modules/fast-levenshtein
417 silly ADD node_modules/fast-json-stable-stringify
418 silly ADD node_modules/fast-deep-equal
419 silly ADD node_modules/eventemitter3
420 silly ADD node_modules/esutils
421 silly ADD node_modules/estraverse
422 silly ADD node_modules/esrecurse
423 silly ADD node_modules/esquery
424 silly ADD node_modules/espree
425 silly ADD node_modules/eslint-visitor-keys
426 silly ADD node_modules/eslint-scope
427 silly ADD node_modules/eslint-plugin-react-refresh
428 silly ADD node_modules/eslint-plugin-react-hooks
429 silly ADD node_modules/eslint
430 silly ADD node_modules/escape-string-regexp
431 silly ADD node_modules/escalade
432 silly ADD node_modules/es-toolkit
433 silly ADD node_modules/es-set-tostringtag
434 silly ADD node_modules/es-object-atoms
435 silly ADD node_modules/es-errors
436 silly ADD node_modules/es-define-property
437 silly ADD node_modules/error-ex
438 silly ADD node_modules/electron-to-chromium
439 silly ADD node_modules/dunder-proto
440 silly ADD node_modules/dom-helpers
441 silly ADD node_modules/detect-libc
442 silly ADD node_modules/delayed-stream
443 silly ADD node_modules/deep-is
444 silly ADD node_modules/decimal.js-light
445 silly ADD node_modules/debug
446 silly ADD node_modules/date-fns
447 silly ADD node_modules/d3-timer
448 silly ADD node_modules/d3-time-format
449 silly ADD node_modules/d3-time
450 silly ADD node_modules/d3-shape
451 silly ADD node_modules/d3-scale
452 silly ADD node_modules/d3-path
453 silly ADD node_modules/d3-interpolate
454 silly ADD node_modules/d3-format
455 silly ADD node_modules/d3-ease
456 silly ADD node_modules/d3-color
457 silly ADD node_modules/d3-array
458 silly ADD node_modules/csstype
459 silly ADD node_modules/cross-spawn
460 silly ADD node_modules/cosmiconfig
461 silly ADD node_modules/cosmiconfig/node_modules/yaml
462 silly ADD node_modules/cookie
463 silly ADD node_modules/convert-source-map
464 silly ADD node_modules/combined-stream
465 silly ADD node_modules/clsx
466 silly ADD node_modules/caniuse-lite
467 silly ADD node_modules/callsites
468 silly ADD node_modules/call-bind-apply-helpers
469 silly ADD node_modules/browserslist
470 silly ADD node_modules/brace-expansion
471 silly ADD node_modules/baseline-browser-mapping
472 silly ADD node_modules/balanced-match
473 silly ADD node_modules/babel-plugin-macros
474 silly ADD node_modules/axios
475 silly ADD node_modules/asynckit
476 silly ADD node_modules/ajv
477 silly ADD node_modules/agent-base
478 silly ADD node_modules/acorn-jsx
479 silly ADD node_modules/acorn
480 silly ADD node_modules/@vitejs/plugin-react
481 silly ADD node_modules/@types/use-sync-external-store
482 silly ADD node_modules/@types/react-transition-group
483 silly ADD node_modules/@types/react-dom
484 silly ADD node_modules/@types/react
485 silly ADD node_modules/@types/prop-types
486 silly ADD node_modules/@types/parse-json
487 silly ADD node_modules/@types/json-schema
488 silly ADD node_modules/@types/estree
489 silly ADD node_modules/@types/esrecurse
490 silly ADD node_modules/@types/d3-timer
491 silly ADD node_modules/@types/d3-time
492 silly ADD node_modules/@types/d3-shape
493 silly ADD node_modules/@types/d3-scale
494 silly ADD node_modules/@types/d3-path
495 silly ADD node_modules/@types/d3-interpolate
496 silly ADD node_modules/@types/d3-ease
497 silly ADD node_modules/@types/d3-color
498 silly ADD node_modules/@types/d3-array
499 silly ADD node_modules/@standard-schema/utils
500 silly ADD node_modules/@standard-schema/spec
501 silly ADD node_modules/@rolldown/pluginutils
502 silly ADD node_modules/@rolldown/binding-darwin-arm64
503 silly ADD node_modules/@reduxjs/toolkit
504 silly ADD node_modules/@reduxjs/toolkit/node_modules/immer
505 silly ADD node_modules/@react-leaflet/core
506 silly ADD node_modules/@popperjs/core
507 silly ADD node_modules/@oxc-project/types
508 silly ADD node_modules/@mui/utils
509 silly ADD node_modules/@mui/types
510 silly ADD node_modules/@mui/system
511 silly ADD node_modules/@mui/styled-engine
512 silly ADD node_modules/@mui/private-theming
513 silly ADD node_modules/@mui/material
514 silly ADD node_modules/@mui/icons-material
515 silly ADD node_modules/@mui/core-downloads-tracker
516 silly ADD node_modules/@jridgewell/trace-mapping
517 silly ADD node_modules/@jridgewell/sourcemap-codec
518 silly ADD node_modules/@jridgewell/resolve-uri
519 silly ADD node_modules/@jridgewell/remapping
520 silly ADD node_modules/@jridgewell/gen-mapping
521 silly ADD node_modules/@humanwhocodes/retry
522 silly ADD node_modules/@humanwhocodes/module-importer
523 silly ADD node_modules/@humanfs/types
524 silly ADD node_modules/@humanfs/node
525 silly ADD node_modules/@humanfs/core
526 silly ADD node_modules/@eslint/plugin-kit
527 silly ADD node_modules/@eslint/object-schema
528 silly ADD node_modules/@eslint/js
529 silly ADD node_modules/@eslint/core
530 silly ADD node_modules/@eslint/config-helpers
531 silly ADD node_modules/@eslint/config-array
532 silly ADD node_modules/@eslint-community/regexpp
533 silly ADD node_modules/@eslint-community/eslint-utils
534 silly ADD node_modules/@eslint-community/eslint-utils/node_modules/eslint-visitor-keys
535 silly ADD node_modules/@emotion/weak-memoize
536 silly ADD node_modules/@emotion/utils
537 silly ADD node_modules/@emotion/use-insertion-effect-with-fallbacks
538 silly ADD node_modules/@emotion/unitless
539 silly ADD node_modules/@emotion/styled
540 silly ADD node_modules/@emotion/sheet
541 silly ADD node_modules/@emotion/serialize
542 silly ADD node_modules/@emotion/react
543 silly ADD node_modules/@emotion/memoize
544 silly ADD node_modules/@emotion/is-prop-valid
545 silly ADD node_modules/@emotion/hash
546 silly ADD node_modules/@emotion/cache
547 silly ADD node_modules/@emotion/babel-plugin
548 silly ADD node_modules/@emotion/babel-plugin/node_modules/convert-source-map
549 silly ADD node_modules/@babel/types
550 silly ADD node_modules/@babel/traverse
551 silly ADD node_modules/@babel/template
552 silly ADD node_modules/@babel/runtime
553 silly ADD node_modules/@babel/parser
554 silly ADD node_modules/@babel/helpers
555 silly ADD node_modules/@babel/helper-validator-option
556 silly ADD node_modules/@babel/helper-validator-identifier
557 silly ADD node_modules/@babel/helper-string-parser
558 silly ADD node_modules/@babel/helper-module-transforms
559 silly ADD node_modules/@babel/helper-module-imports
560 silly ADD node_modules/@babel/helper-globals
561 silly ADD node_modules/@babel/helper-compilation-targets
562 silly ADD node_modules/@babel/generator
563 silly ADD node_modules/@babel/core
564 silly ADD node_modules/@babel/compat-data
565 silly ADD node_modules/@babel/code-frame
566 verbose cwd /Users/chandraprakash/Developer/web/FinalNCPS/NCPS/react-frontend
567 verbose os Darwin 25.4.0
568 verbose node v23.10.0
569 verbose npm  v11.6.2
570 verbose exit 0
571 info ok
