0 verbose cli /home/chandra-prakash/Downloads/project/NCPS/.tooling/node/bin/node /home/chandra-prakash/Downloads/project/NCPS/.tooling/node/bin/npm
1 info using npm@10.9.3
2 info using node@v22.20.0
3 silly config load:file:/home/chandra-prakash/Downloads/project/NCPS/.tooling/node/lib/node_modules/npm/npmrc
4 silly config load:file:/home/chandra-prakash/Downloads/project/NCPS/react-frontend/.npmrc
5 silly config load:file:/home/chandra-prakash/.npmrc
6 silly config load:file:/home/chandra-prakash/Downloads/project/NCPS/.tooling/node/etc/npmrc
7 verbose title npm install @rolldown/binding-linux-x64-gnu@1.0.1
8 verbose argv "install" "--no-save" "@rolldown/binding-linux-x64-gnu@1.0.1"
9 verbose logfile logs-max:10 dir:/home/chandra-prakash/Downloads/project/NCPS/.tooling/npm-cache/_logs/2026-06-02T17_36_05_477Z-
10 verbose logfile /home/chandra-prakash/Downloads/project/NCPS/.tooling/npm-cache/_logs/2026-06-02T17_36_05_477Z-debug-0.log
11 silly logfile done cleaning log files
12 silly packumentCache heap:4345298944 maxSize:1086324736 maxEntrySize:543162368
13 silly idealTree buildDeps
14 silly fetch manifest @rolldown/binding-linux-x64-gnu@1.0.1
15 silly packumentCache full:https://registry.npmjs.org/@rolldown%2fbinding-linux-x64-gnu cache-miss
16 http fetch GET 200 https://registry.npmjs.org/@rolldown%2fbinding-linux-x64-gnu 692ms (cache miss)
17 silly packumentCache full:https://registry.npmjs.org/@rolldown%2fbinding-linux-x64-gnu set size:undefined disposed:false
18 silly placeDep ROOT @rolldown/binding-linux-x64-gnu@1.0.1 REPLACE for: react-frontend@0.0.0 want: 1.0.1
19 silly reify moves {}
20 silly audit bulk request {
20 silly audit   '@babel/code-frame': [ '7.29.0' ],
20 silly audit   '@babel/compat-data': [ '7.29.3' ],
20 silly audit   '@babel/core': [ '7.29.0' ],
20 silly audit   '@babel/generator': [ '7.29.1' ],
20 silly audit   '@babel/helper-compilation-targets': [ '7.28.6' ],
20 silly audit   '@babel/helper-globals': [ '7.28.0' ],
20 silly audit   '@babel/helper-module-imports': [ '7.28.6' ],
20 silly audit   '@babel/helper-module-transforms': [ '7.28.6' ],
20 silly audit   '@babel/helper-string-parser': [ '7.27.1' ],
20 silly audit   '@babel/helper-validator-identifier': [ '7.28.5' ],
20 silly audit   '@babel/helper-validator-option': [ '7.27.1' ],
20 silly audit   '@babel/helpers': [ '7.29.2' ],
20 silly audit   '@babel/parser': [ '7.29.3' ],
20 silly audit   '@babel/runtime': [ '7.29.2' ],
20 silly audit   '@babel/template': [ '7.28.6' ],
20 silly audit   '@babel/traverse': [ '7.29.0' ],
20 silly audit   '@babel/types': [ '7.29.0' ],
20 silly audit   '@emnapi/core': [ '1.10.0' ],
20 silly audit   '@emnapi/runtime': [ '1.10.0' ],
20 silly audit   '@emnapi/wasi-threads': [ '1.2.1' ],
20 silly audit   '@emotion/babel-plugin': [ '11.13.5' ],
20 silly audit   'convert-source-map': [ '1.9.0', '2.0.0' ],
20 silly audit   '@emotion/cache': [ '11.14.0' ],
20 silly audit   '@emotion/hash': [ '0.9.2' ],
20 silly audit   '@emotion/is-prop-valid': [ '1.4.0' ],
20 silly audit   '@emotion/memoize': [ '0.9.0' ],
20 silly audit   '@emotion/react': [ '11.14.0' ],
20 silly audit   '@emotion/serialize': [ '1.3.3' ],
20 silly audit   '@emotion/sheet': [ '1.4.0' ],
20 silly audit   '@emotion/styled': [ '11.14.1' ],
20 silly audit   '@emotion/unitless': [ '0.10.0' ],
20 silly audit   '@emotion/use-insertion-effect-with-fallbacks': [ '1.2.0' ],
20 silly audit   '@emotion/utils': [ '1.4.2' ],
20 silly audit   '@emotion/weak-memoize': [ '0.4.0' ],
20 silly audit   '@eslint-community/eslint-utils': [ '4.9.1' ],
20 silly audit   'eslint-visitor-keys': [ '3.4.3', '5.0.1' ],
20 silly audit   '@eslint-community/regexpp': [ '4.12.2' ],
20 silly audit   '@eslint/config-array': [ '0.23.5' ],
20 silly audit   '@eslint/config-helpers': [ '0.6.0' ],
20 silly audit   '@eslint/core': [ '1.2.1' ],
20 silly audit   '@eslint/js': [ '10.0.1' ],
20 silly audit   '@eslint/object-schema': [ '3.0.5' ],
20 silly audit   '@eslint/plugin-kit': [ '0.7.1' ],
20 silly audit   '@humanfs/core': [ '0.19.2' ],
20 silly audit   '@humanfs/node': [ '0.16.8' ],
20 silly audit   '@humanfs/types': [ '0.15.0' ],
20 silly audit   '@humanwhocodes/module-importer': [ '1.0.1' ],
20 silly audit   '@humanwhocodes/retry': [ '0.4.3' ],
20 silly audit   '@jridgewell/gen-mapping': [ '0.3.13' ],
20 silly audit   '@jridgewell/remapping': [ '2.3.5' ],
20 silly audit   '@jridgewell/resolve-uri': [ '3.1.2' ],
20 silly audit   '@jridgewell/sourcemap-codec': [ '1.5.5' ],
20 silly audit   '@jridgewell/trace-mapping': [ '0.3.31' ],
20 silly audit   '@mui/core-downloads-tracker': [ '9.0.1' ],
20 silly audit   '@mui/icons-material': [ '9.0.1' ],
20 silly audit   '@mui/material': [ '9.0.1' ],
20 silly audit   '@mui/private-theming': [ '9.0.1' ],
20 silly audit   '@mui/styled-engine': [ '9.0.0' ],
20 silly audit   '@mui/system': [ '9.0.1' ],
20 silly audit   '@mui/types': [ '9.0.0' ],
20 silly audit   '@mui/utils': [ '9.0.1' ],
20 silly audit   '@napi-rs/wasm-runtime': [ '1.1.4' ],
20 silly audit   '@oxc-project/types': [ '0.130.0' ],
20 silly audit   '@popperjs/core': [ '2.11.8' ],
20 silly audit   '@react-leaflet/core': [ '3.0.0' ],
20 silly audit   '@reduxjs/toolkit': [ '2.12.0' ],
20 silly audit   immer: [ '11.1.8', '10.2.0' ],
20 silly audit   '@rolldown/binding-android-arm64': [ '1.0.1' ],
20 silly audit   '@rolldown/binding-darwin-arm64': [ '1.0.1' ],
20 silly audit   '@rolldown/binding-darwin-x64': [ '1.0.1' ],
20 silly audit   '@rolldown/binding-freebsd-x64': [ '1.0.1' ],
20 silly audit   '@rolldown/binding-linux-arm-gnueabihf': [ '1.0.1' ],
20 silly audit   '@rolldown/binding-linux-arm64-gnu': [ '1.0.1' ],
20 silly audit   '@rolldown/binding-linux-arm64-musl': [ '1.0.1' ],
20 silly audit   '@rolldown/binding-linux-ppc64-gnu': [ '1.0.1' ],
20 silly audit   '@rolldown/binding-linux-s390x-gnu': [ '1.0.1' ],
20 silly audit   '@rolldown/binding-linux-x64-musl': [ '1.0.1' ],
20 silly audit   '@rolldown/binding-openharmony-arm64': [ '1.0.1' ],
20 silly audit   '@rolldown/binding-wasm32-wasi': [ '1.0.1' ],
20 silly audit   '@rolldown/binding-win32-arm64-msvc': [ '1.0.1' ],
20 silly audit   '@rolldown/binding-win32-x64-msvc': [ '1.0.1' ],
20 silly audit   '@rolldown/pluginutils': [ '1.0.1' ],
20 silly audit   '@standard-schema/spec': [ '1.1.0' ],
20 silly audit   '@standard-schema/utils': [ '0.3.0' ],
20 silly audit   '@tybys/wasm-util': [ '0.10.2' ],
20 silly audit   '@types/d3-array': [ '3.2.2' ],
20 silly audit   '@types/d3-color': [ '3.1.3' ],
20 silly audit   '@types/d3-ease': [ '3.0.2' ],
20 silly audit   '@types/d3-interpolate': [ '3.0.4' ],
20 silly audit   '@types/d3-path': [ '3.1.1' ],
20 silly audit   '@types/d3-scale': [ '4.0.9' ],
20 silly audit   '@types/d3-shape': [ '3.1.8' ],
20 silly audit   '@types/d3-time': [ '3.0.4' ],
20 silly audit   '@types/d3-timer': [ '3.0.2' ],
20 silly audit   '@types/esrecurse': [ '4.3.1' ],
20 silly audit   '@types/estree': [ '1.0.9' ],
20 silly audit   '@types/json-schema': [ '7.0.15' ],
20 silly audit   '@types/parse-json': [ '4.0.2' ],
20 silly audit   '@types/prop-types': [ '15.7.15' ],
20 silly audit   '@types/react': [ '19.2.15' ],
20 silly audit   '@types/react-dom': [ '19.2.3' ],
20 silly audit   '@types/react-transition-group': [ '4.4.12' ],
20 silly audit   '@types/use-sync-external-store': [ '0.0.6' ],
20 silly audit   '@vitejs/plugin-react': [ '6.0.2' ],
20 silly audit   acorn: [ '8.16.0' ],
20 silly audit   'acorn-jsx': [ '5.3.2' ],
20 silly audit   'agent-base': [ '6.0.2' ],
20 silly audit   ajv: [ '6.15.0' ],
20 silly audit   asynckit: [ '0.4.0' ],
20 silly audit   axios: [ '1.16.1' ],
20 silly audit   'babel-plugin-macros': [ '3.1.0' ],
20 silly audit   'balanced-match': [ '4.0.4' ],
20 silly audit   'baseline-browser-mapping': [ '2.10.31' ],
20 silly audit   'brace-expansion': [ '5.0.6' ],
20 silly audit   browserslist: [ '4.28.2' ],
20 silly audit   'call-bind-apply-helpers': [ '1.0.2' ],
20 silly audit   callsites: [ '3.1.0' ],
20 silly audit   'caniuse-lite': [ '1.0.30001793' ],
20 silly audit   clsx: [ '2.1.1' ],
20 silly audit   'combined-stream': [ '1.0.8' ],
20 silly audit   cookie: [ '1.1.1' ],
20 silly audit   cosmiconfig: [ '7.1.0' ],
20 silly audit   yaml: [ '1.10.3' ],
20 silly audit   'cross-spawn': [ '7.0.6' ],
20 silly audit   csstype: [ '3.2.3' ],
20 silly audit   'd3-array': [ '3.2.4' ],
20 silly audit   'd3-color': [ '3.1.0' ],
20 silly audit   'd3-ease': [ '3.0.1' ],
20 silly audit   'd3-format': [ '3.1.2' ],
20 silly audit   'd3-interpolate': [ '3.0.1' ],
20 silly audit   'd3-path': [ '3.1.0' ],
20 silly audit   'd3-scale': [ '4.0.2' ],
20 silly audit   'd3-shape': [ '3.2.0' ],
20 silly audit   'd3-time': [ '3.1.0' ],
20 silly audit   'd3-time-format': [ '4.1.0' ],
20 silly audit   'd3-timer': [ '3.0.1' ],
20 silly audit   'date-fns': [ '4.2.1' ],
20 silly audit   debug: [ '4.4.3' ],
20 silly audit   'decimal.js-light': [ '2.5.1' ],
20 silly audit   'deep-is': [ '0.1.4' ],
20 silly audit   'delayed-stream': [ '1.0.0' ],
20 silly audit   'detect-libc': [ '2.1.2' ],
20 silly audit   'dom-helpers': [ '5.2.1' ],
20 silly audit   'dunder-proto': [ '1.0.1' ],
20 silly audit   'electron-to-chromium': [ '1.5.360' ],
20 silly audit   'error-ex': [ '1.3.4' ],
20 silly audit   'es-define-property': [ '1.0.1' ],
20 silly audit   'es-errors': [ '1.3.0' ],
20 silly audit   'es-object-atoms': [ '1.1.1' ],
20 silly audit   'es-set-tostringtag': [ '2.1.0' ],
20 silly audit   'es-toolkit': [ '1.46.1' ],
20 silly audit   escalade: [ '3.2.0' ],
20 silly audit   'escape-string-regexp': [ '4.0.0' ],
20 silly audit   eslint: [ '10.4.0' ],
20 silly audit   'eslint-plugin-react-hooks': [ '7.1.1' ],
20 silly audit   'eslint-plugin-react-refresh': [ '0.5.2' ],
20 silly audit   'eslint-scope': [ '9.1.2' ],
20 silly audit   espree: [ '11.2.0' ],
20 silly audit   esquery: [ '1.7.0' ],
20 silly audit   esrecurse: [ '4.3.0' ],
20 silly audit   estraverse: [ '5.3.0' ],
20 silly audit   esutils: [ '2.0.3' ],
20 silly audit   eventemitter3: [ '5.0.4' ],
20 silly audit   'fast-deep-equal': [ '3.1.3' ],
20 silly audit   'fast-json-stable-stringify': [ '2.1.0' ],
20 silly audit   'fast-levenshtein': [ '2.0.6' ],
20 silly audit   fdir: [ '6.5.0' ],
20 silly audit   'file-entry-cache': [ '8.0.0' ],
20 silly audit   'find-root': [ '1.1.0' ],
20 silly audit   'find-up': [ '5.0.0' ],
20 silly audit   'flat-cache': [ '4.0.1' ],
20 silly audit   flatted: [ '3.4.2' ],
20 silly audit   'follow-redirects': [ '1.16.0' ],
20 silly audit   'form-data': [ '4.0.5' ],
20 silly audit   fsevents: [ '2.3.3' ],
20 silly audit   'function-bind': [ '1.1.2' ],
20 silly audit   gensync: [ '1.0.0-beta.2' ],
20 silly audit   'get-intrinsic': [ '1.3.0' ],
20 silly audit   'get-proto': [ '1.0.1' ],
20 silly audit   'glob-parent': [ '6.0.2' ],
20 silly audit   globals: [ '17.6.0' ],
20 silly audit   gopd: [ '1.2.0' ],
20 silly audit   'has-symbols': [ '1.1.0' ],
20 silly audit   'has-tostringtag': [ '1.0.2' ],
20 silly audit   hasown: [ '2.0.3' ],
20 silly audit   'hermes-estree': [ '0.25.1' ],
20 silly audit   'hermes-parser': [ '0.25.1' ],
20 silly audit   'hoist-non-react-statics': [ '3.3.2' ],
20 silly audit   'react-is': [ '16.13.1', '19.2.6' ],
20 silly audit   'https-proxy-agent': [ '5.0.1' ],
20 silly audit   ignore: [ '5.3.2' ],
20 silly audit   'import-fresh': [ '3.3.1' ],
20 silly audit   imurmurhash: [ '0.1.4' ],
20 silly audit   internmap: [ '2.0.3' ],
20 silly audit   'is-arrayish': [ '0.2.1' ],
20 silly audit   'is-core-module': [ '2.16.2' ],
20 silly audit   'is-extglob': [ '2.1.1' ],
20 silly audit   'is-glob': [ '4.0.3' ],
20 silly audit   isexe: [ '2.0.0' ],
20 silly audit   'js-tokens': [ '4.0.0' ],
20 silly audit   jsesc: [ '3.1.0' ],
20 silly audit   'json-buffer': [ '3.0.1' ],
20 silly audit   'json-parse-even-better-errors': [ '2.3.1' ],
20 silly audit   'json-schema-traverse': [ '0.4.1' ],
20 silly audit   'json-stable-stringify-without-jsonify': [ '1.0.1' ],
20 silly audit   json5: [ '2.2.3' ],
20 silly audit   keyv: [ '4.5.4' ],
20 silly audit   leaflet: [ '1.9.4' ],
20 silly audit   levn: [ '0.4.1' ],
20 silly audit   lightningcss: [ '1.32.0' ],
20 silly audit   'lightningcss-android-arm64': [ '1.32.0' ],
20 silly audit   'lightningcss-darwin-arm64': [ '1.32.0' ],
20 silly audit   'lightningcss-darwin-x64': [ '1.32.0' ],
20 silly audit   'lightningcss-freebsd-x64': [ '1.32.0' ],
20 silly audit   'lightningcss-linux-arm-gnueabihf': [ '1.32.0' ],
20 silly audit   'lightningcss-linux-arm64-gnu': [ '1.32.0' ],
20 silly audit   'lightningcss-linux-arm64-musl': [ '1.32.0' ],
20 silly audit   'lightningcss-linux-x64-gnu': [ '1.32.0' ],
20 silly audit   'lightningcss-linux-x64-musl': [ '1.32.0' ],
20 silly audit   'lightningcss-win32-arm64-msvc': [ '1.32.0' ],
20 silly audit   'lightningcss-win32-x64-msvc': [ '1.32.0' ],
20 silly audit   'lines-and-columns': [ '1.2.4' ],
20 silly audit   'locate-path': [ '6.0.0' ],
20 silly audit   'loose-envify': [ '1.4.0' ],
20 silly audit   'lru-cache': [ '5.1.1' ],
20 silly audit   'math-intrinsics': [ '1.1.0' ],
20 silly audit   'mime-db': [ '1.52.0' ],
20 silly audit   'mime-types': [ '2.1.35' ],
20 silly audit   minimatch: [ '10.2.5' ],
20 silly audit   ms: [ '2.1.3' ],
20 silly audit   nanoid: [ '3.3.12' ],
20 silly audit   'natural-compare': [ '1.4.0' ],
20 silly audit   'node-releases': [ '2.0.44' ],
20 silly audit   'object-assign': [ '4.1.1' ],
20 silly audit   optionator: [ '0.9.4' ],
20 silly audit   'p-limit': [ '3.1.0' ],
20 silly audit   'p-locate': [ '5.0.0' ],
20 silly audit   'parent-module': [ '1.0.1' ],
20 silly audit   'parse-json': [ '5.2.0' ],
20 silly audit   'path-exists': [ '4.0.0' ],
20 silly audit   'path-key': [ '3.1.1' ],
20 silly audit   'path-parse': [ '1.0.7' ],
20 silly audit   'path-type': [ '4.0.0' ],
20 silly audit   picocolors: [ '1.1.1' ],
20 silly audit   picomatch: [ '4.0.4' ],
20 silly audit   postcss: [ '8.5.15' ],
20 silly audit   'prelude-ls': [ '1.2.1' ],
20 silly audit   'prop-types': [ '15.8.1' ],
20 silly audit   'proxy-from-env': [ '2.1.0' ],
20 silly audit   punycode: [ '2.3.1' ],
20 silly audit   react: [ '19.2.6' ],
20 silly audit   'react-dom': [ '19.2.6' ],
20 silly audit   'react-leaflet': [ '5.0.0' ],
20 silly audit   'react-redux': [ '9.3.0' ],
20 silly audit   'react-router': [ '7.15.1' ],
20 silly audit   'react-router-dom': [ '7.15.1' ],
20 silly audit   'react-toastify': [ '11.1.0' ],
20 silly audit   'react-transition-group': [ '4.4.5' ],
20 silly audit   recharts: [ '3.8.1' ],
20 silly audit   redux: [ '5.0.1' ],
20 silly audit   'redux-thunk': [ '3.1.0' ],
20 silly audit   reselect: [ '5.1.1' ],
20 silly audit   resolve: [ '1.22.12' ],
20 silly audit   'resolve-from': [ '4.0.0' ],
20 silly audit   rolldown: [ '1.0.1' ],
20 silly audit   scheduler: [ '0.27.0' ],
20 silly audit   semver: [ '6.3.1' ],
20 silly audit   'set-cookie-parser': [ '2.7.2' ],
20 silly audit   'shebang-command': [ '2.0.0' ],
20 silly audit   'shebang-regex': [ '3.0.0' ],
20 silly audit   'source-map': [ '0.5.7' ],
20 silly audit   'source-map-js': [ '1.2.1' ],
20 silly audit   stylis: [ '4.2.0' ],
20 silly audit   'supports-preserve-symlinks-flag': [ '1.0.0' ],
20 silly audit   'tiny-invariant': [ '1.3.3' ],
20 silly audit   tinyglobby: [ '0.2.16' ],
20 silly audit   tslib: [ '2.8.1' ],
20 silly audit   'type-check': [ '0.4.0' ],
20 silly audit   'update-browserslist-db': [ '1.2.3' ],
20 silly audit   'uri-js': [ '4.4.1' ],
20 silly audit   'use-sync-external-store': [ '1.6.0' ],
20 silly audit   'victory-vendor': [ '37.3.6' ],
20 silly audit   vite: [ '8.0.13' ],
20 silly audit   which: [ '2.0.2' ],
20 silly audit   'word-wrap': [ '1.2.5' ],
20 silly audit   yallist: [ '3.1.1' ],
20 silly audit   'yocto-queue': [ '0.1.0' ],
20 silly audit   zod: [ '4.4.3' ],
20 silly audit   'zod-validation-error': [ '4.0.2' ],
20 silly audit   '@rolldown/binding-linux-x64-gnu': [ '1.0.1' ]
20 silly audit }
21 verbose reify failed optional dependency /home/chandra-prakash/Downloads/project/NCPS/react-frontend/node_modules/lightningcss-win32-x64-msvc
22 silly reify mark deleted [
22 silly reify   '/home/chandra-prakash/Downloads/project/NCPS/react-frontend/node_modules/lightningcss-win32-x64-msvc'
22 silly reify ]
23 verbose reify failed optional dependency /home/chandra-prakash/Downloads/project/NCPS/react-frontend/node_modules/lightningcss-win32-arm64-msvc
24 silly reify mark deleted [
24 silly reify   '/home/chandra-prakash/Downloads/project/NCPS/react-frontend/node_modules/lightningcss-win32-arm64-msvc'
24 silly reify ]
25 verbose reify failed optional dependency /home/chandra-prakash/Downloads/project/NCPS/react-frontend/node_modules/lightningcss-linux-arm64-musl
26 silly reify mark deleted [
26 silly reify   '/home/chandra-prakash/Downloads/project/NCPS/react-frontend/node_modules/lightningcss-linux-arm64-musl'
26 silly reify ]
27 verbose reify failed optional dependency /home/chandra-prakash/Downloads/project/NCPS/react-frontend/node_modules/lightningcss-linux-arm64-gnu
28 silly reify mark deleted [
28 silly reify   '/home/chandra-prakash/Downloads/project/NCPS/react-frontend/node_modules/lightningcss-linux-arm64-gnu'
28 silly reify ]
29 verbose reify failed optional dependency /home/chandra-prakash/Downloads/project/NCPS/react-frontend/node_modules/lightningcss-linux-arm-gnueabihf
30 silly reify mark deleted [
30 silly reify   '/home/chandra-prakash/Downloads/project/NCPS/react-frontend/node_modules/lightningcss-linux-arm-gnueabihf'
30 silly reify ]
31 verbose reify failed optional dependency /home/chandra-prakash/Downloads/project/NCPS/react-frontend/node_modules/lightningcss-freebsd-x64
32 silly reify mark deleted [
32 silly reify   '/home/chandra-prakash/Downloads/project/NCPS/react-frontend/node_modules/lightningcss-freebsd-x64'
32 silly reify ]
33 verbose reify failed optional dependency /home/chandra-prakash/Downloads/project/NCPS/react-frontend/node_modules/lightningcss-darwin-x64
34 silly reify mark deleted [
34 silly reify   '/home/chandra-prakash/Downloads/project/NCPS/react-frontend/node_modules/lightningcss-darwin-x64'
34 silly reify ]
35 verbose reify failed optional dependency /home/chandra-prakash/Downloads/project/NCPS/react-frontend/node_modules/lightningcss-darwin-arm64
36 silly reify mark deleted [
36 silly reify   '/home/chandra-prakash/Downloads/project/NCPS/react-frontend/node_modules/lightningcss-darwin-arm64'
36 silly reify ]
37 verbose reify failed optional dependency /home/chandra-prakash/Downloads/project/NCPS/react-frontend/node_modules/lightningcss-android-arm64
38 silly reify mark deleted [
38 silly reify   '/home/chandra-prakash/Downloads/project/NCPS/react-frontend/node_modules/lightningcss-android-arm64'
38 silly reify ]
39 verbose reify failed optional dependency /home/chandra-prakash/Downloads/project/NCPS/react-frontend/node_modules/fsevents
40 silly reify mark deleted [
40 silly reify   '/home/chandra-prakash/Downloads/project/NCPS/react-frontend/node_modules/fsevents'
40 silly reify ]
41 verbose reify failed optional dependency /home/chandra-prakash/Downloads/project/NCPS/react-frontend/node_modules/@rolldown/binding-win32-x64-msvc
42 silly reify mark deleted [
42 silly reify   '/home/chandra-prakash/Downloads/project/NCPS/react-frontend/node_modules/@rolldown/binding-win32-x64-msvc'
42 silly reify ]
43 verbose reify failed optional dependency /home/chandra-prakash/Downloads/project/NCPS/react-frontend/node_modules/@rolldown/binding-win32-arm64-msvc
44 silly reify mark deleted [
44 silly reify   '/home/chandra-prakash/Downloads/project/NCPS/react-frontend/node_modules/@rolldown/binding-win32-arm64-msvc'
44 silly reify ]
45 verbose reify failed optional dependency /home/chandra-prakash/Downloads/project/NCPS/react-frontend/node_modules/@rolldown/binding-wasm32-wasi
46 silly reify mark deleted [
46 silly reify   '/home/chandra-prakash/Downloads/project/NCPS/react-frontend/node_modules/@rolldown/binding-wasm32-wasi'
46 silly reify ]
47 verbose reify failed optional dependency /home/chandra-prakash/Downloads/project/NCPS/react-frontend/node_modules/@emnapi/core
48 silly reify mark deleted [
48 silly reify   '/home/chandra-prakash/Downloads/project/NCPS/react-frontend/node_modules/@emnapi/core'
48 silly reify ]
49 verbose reify failed optional dependency /home/chandra-prakash/Downloads/project/NCPS/react-frontend/node_modules/@emnapi/runtime
50 silly reify mark deleted [
50 silly reify   '/home/chandra-prakash/Downloads/project/NCPS/react-frontend/node_modules/@emnapi/runtime'
50 silly reify ]
51 verbose reify failed optional dependency /home/chandra-prakash/Downloads/project/NCPS/react-frontend/node_modules/@napi-rs/wasm-runtime
52 silly reify mark deleted [
52 silly reify   '/home/chandra-prakash/Downloads/project/NCPS/react-frontend/node_modules/@napi-rs/wasm-runtime'
52 silly reify ]
53 verbose reify failed optional dependency /home/chandra-prakash/Downloads/project/NCPS/react-frontend/node_modules/@emnapi/wasi-threads
54 silly reify mark deleted [
54 silly reify   '/home/chandra-prakash/Downloads/project/NCPS/react-frontend/node_modules/@emnapi/wasi-threads'
54 silly reify ]
55 verbose reify failed optional dependency /home/chandra-prakash/Downloads/project/NCPS/react-frontend/node_modules/tslib
56 silly reify mark deleted [
56 silly reify   '/home/chandra-prakash/Downloads/project/NCPS/react-frontend/node_modules/tslib'
56 silly reify ]
57 verbose reify failed optional dependency /home/chandra-prakash/Downloads/project/NCPS/react-frontend/node_modules/@tybys/wasm-util
58 silly reify mark deleted [
58 silly reify   '/home/chandra-prakash/Downloads/project/NCPS/react-frontend/node_modules/@tybys/wasm-util'
58 silly reify ]
59 verbose reify failed optional dependency /home/chandra-prakash/Downloads/project/NCPS/react-frontend/node_modules/@rolldown/binding-openharmony-arm64
60 silly reify mark deleted [
60 silly reify   '/home/chandra-prakash/Downloads/project/NCPS/react-frontend/node_modules/@rolldown/binding-openharmony-arm64'
60 silly reify ]
61 verbose reify failed optional dependency /home/chandra-prakash/Downloads/project/NCPS/react-frontend/node_modules/@rolldown/binding-linux-s390x-gnu
62 silly reify mark deleted [
62 silly reify   '/home/chandra-prakash/Downloads/project/NCPS/react-frontend/node_modules/@rolldown/binding-linux-s390x-gnu'
62 silly reify ]
63 verbose reify failed optional dependency /home/chandra-prakash/Downloads/project/NCPS/react-frontend/node_modules/@rolldown/binding-linux-ppc64-gnu
64 silly reify mark deleted [
64 silly reify   '/home/chandra-prakash/Downloads/project/NCPS/react-frontend/node_modules/@rolldown/binding-linux-ppc64-gnu'
64 silly reify ]
65 verbose reify failed optional dependency /home/chandra-prakash/Downloads/project/NCPS/react-frontend/node_modules/@rolldown/binding-linux-arm64-musl
66 silly reify mark deleted [
66 silly reify   '/home/chandra-prakash/Downloads/project/NCPS/react-frontend/node_modules/@rolldown/binding-linux-arm64-musl'
66 silly reify ]
67 verbose reify failed optional dependency /home/chandra-prakash/Downloads/project/NCPS/react-frontend/node_modules/@rolldown/binding-linux-arm64-gnu
68 silly reify mark deleted [
68 silly reify   '/home/chandra-prakash/Downloads/project/NCPS/react-frontend/node_modules/@rolldown/binding-linux-arm64-gnu'
68 silly reify ]
69 verbose reify failed optional dependency /home/chandra-prakash/Downloads/project/NCPS/react-frontend/node_modules/@rolldown/binding-linux-arm-gnueabihf
70 silly reify mark deleted [
70 silly reify   '/home/chandra-prakash/Downloads/project/NCPS/react-frontend/node_modules/@rolldown/binding-linux-arm-gnueabihf'
70 silly reify ]
71 verbose reify failed optional dependency /home/chandra-prakash/Downloads/project/NCPS/react-frontend/node_modules/@rolldown/binding-freebsd-x64
72 silly reify mark deleted [
72 silly reify   '/home/chandra-prakash/Downloads/project/NCPS/react-frontend/node_modules/@rolldown/binding-freebsd-x64'
72 silly reify ]
73 verbose reify failed optional dependency /home/chandra-prakash/Downloads/project/NCPS/react-frontend/node_modules/@rolldown/binding-darwin-x64
74 silly reify mark deleted [
74 silly reify   '/home/chandra-prakash/Downloads/project/NCPS/react-frontend/node_modules/@rolldown/binding-darwin-x64'
74 silly reify ]
75 verbose reify failed optional dependency /home/chandra-prakash/Downloads/project/NCPS/react-frontend/node_modules/@rolldown/binding-darwin-arm64
76 silly reify mark deleted [
76 silly reify   '/home/chandra-prakash/Downloads/project/NCPS/react-frontend/node_modules/@rolldown/binding-darwin-arm64'
76 silly reify ]
77 verbose reify failed optional dependency /home/chandra-prakash/Downloads/project/NCPS/react-frontend/node_modules/@rolldown/binding-android-arm64
78 silly reify mark deleted [
78 silly reify   '/home/chandra-prakash/Downloads/project/NCPS/react-frontend/node_modules/@rolldown/binding-android-arm64'
78 silly reify ]
79 http cache tslib@https://registry.npmjs.org/tslib/-/tslib-2.8.1.tgz 0ms (cache hit)
80 http cache @rolldown/binding-linux-x64-gnu@https://registry.npmjs.org/@rolldown/binding-linux-x64-gnu/-/binding-linux-x64-gnu-1.0.1.tgz 0ms (cache hit)
81 http cache @tybys/wasm-util@https://registry.npmjs.org/@tybys/wasm-util/-/wasm-util-0.10.2.tgz 1ms (cache hit)
82 http cache @rolldown/binding-linux-x64-musl@https://registry.npmjs.org/@rolldown/binding-linux-x64-musl/-/binding-linux-x64-musl-1.0.1.tgz 0ms (cache hit)
83 http cache @napi-rs/wasm-runtime@https://registry.npmjs.org/@napi-rs/wasm-runtime/-/wasm-runtime-1.1.4.tgz 0ms (cache hit)
84 http cache @emnapi/wasi-threads@https://registry.npmjs.org/@emnapi/wasi-threads/-/wasi-threads-1.2.1.tgz 0ms (cache hit)
85 http cache @emnapi/runtime@https://registry.npmjs.org/@emnapi/runtime/-/runtime-1.10.0.tgz 0ms (cache hit)
86 http cache @emnapi/core@https://registry.npmjs.org/@emnapi/core/-/core-1.10.0.tgz 0ms (cache hit)
87 silly tarball no local data for @rolldown/binding-linux-x64-gnu@https://registry.npmjs.org/@rolldown/binding-linux-x64-gnu/-/binding-linux-x64-gnu-1.0.1.tgz. Extracting by manifest.
88 silly tarball no local data for @rolldown/binding-linux-x64-musl@https://registry.npmjs.org/@rolldown/binding-linux-x64-musl/-/binding-linux-x64-musl-1.0.1.tgz. Extracting by manifest.
89 http fetch POST 200 https://registry.npmjs.org/-/npm/v1/security/advisories/bulk 319ms
90 silly audit report {}
91 http fetch GET 200 https://registry.npmjs.org/@rolldown/binding-linux-x64-musl/-/binding-linux-x64-musl-1.0.1.tgz 2748ms (cache miss)
92 http fetch GET 200 https://registry.npmjs.org/@rolldown/binding-linux-x64-gnu/-/binding-linux-x64-gnu-1.0.1.tgz 2883ms (cache miss)
93 silly ADD node_modules/@rolldown/binding-linux-x64-gnu
94 silly ADD
95 silly ADD
96 silly ADD
97 silly ADD
98 silly ADD
99 silly ADD
100 silly ADD
101 silly ADD
102 silly ADD
103 silly ADD
104 silly ADD
105 silly ADD
106 silly ADD
107 silly ADD
108 silly ADD
109 silly ADD
110 silly ADD node_modules/@rolldown/binding-linux-x64-musl
111 silly ADD
112 silly ADD
113 silly ADD
114 silly ADD
115 silly ADD
116 silly ADD
117 silly ADD
118 silly ADD
119 silly ADD
120 silly ADD
121 silly ADD
122 silly ADD
123 silly ADD
124 verbose cwd /home/chandra-prakash/Downloads/project/NCPS/react-frontend
125 verbose os Linux 6.17.0-1023-oem
126 verbose node v22.20.0
127 verbose npm  v10.9.3
128 verbose exit 0
129 info ok
