0 verbose cli /opt/homebrew/Cellar/node/23.10.0_1/bin/node /opt/homebrew/bin/npm
1 info using npm@11.6.2
2 info using node@v23.10.0
3 silly config load:file:/opt/homebrew/lib/node_modules/npm/npmrc
4 warn Unknown env config "devdir". This will stop working in the next major version of npm.
5 silly config load:file:/Users/chandraprakash/Developer/web/FinalNCPS/NCPS/react-frontend/.npmrc
6 silly config load:file:/Users/chandraprakash/.npmrc
7 silly config load:file:/opt/homebrew/etc/npmrc
8 verbose title npm run build
9 verbose argv "run" "build"
10 verbose logfile logs-max:10 dir:/Users/chandraprakash/Developer/web/FinalNCPS/NCPS/.tooling/npm-cache/_logs/2026-06-02T19_12_24_546Z-
11 verbose logfile /Users/chandraprakash/Developer/web/FinalNCPS/NCPS/.tooling/npm-cache/_logs/2026-06-02T19_12_24_546Z-debug-0.log
12 silly logfile start cleaning logs, removing 1 files
13 silly logfile done cleaning log files
14 verbose cwd /Users/chandraprakash/Developer/web/FinalNCPS/NCPS/react-frontend
15 verbose os Darwin 25.4.0
16 verbose node v23.10.0
17 verbose npm  v11.6.2
18 verbose exit 0
19 info ok
